[2024-08-17T02:03:59.953+0000][165][info][gc,init] CardTable entry size: 512
[2024-08-17T02:03:59.953+0000][165][info][gc     ] Using G1
[2024-08-17T02:04:00.137+0000][165][info][gc,init] Version: 21.0.1+12-29 (release)
[2024-08-17T02:04:00.137+0000][165][info][gc,init] CPUs: 2 total, 2 available
[2024-08-17T02:04:00.137+0000][165][info][gc,init] Memory: 1973M
[2024-08-17T02:04:00.137+0000][165][info][gc,init] Large Page Support: Disabled
[2024-08-17T02:04:00.137+0000][165][info][gc,init] NUMA Support: Disabled
[2024-08-17T02:04:00.137+0000][165][info][gc,init] Compressed Oops: Enabled (32-bit)
[2024-08-17T02:04:00.137+0000][165][info][gc,init] Heap Region Size: 4M
[2024-08-17T02:04:00.137+0000][165][info][gc,init] Heap Min Capacity: 512M
[2024-08-17T02:04:00.137+0000][165][info][gc,init] Heap Initial Capacity: 512M
[2024-08-17T02:04:00.137+0000][165][info][gc,init] Heap Max Capacity: 512M
[2024-08-17T02:04:00.137+0000][165][info][gc,init] Pre-touch: Enabled
[2024-08-17T02:04:00.137+0000][165][info][gc,init] Parallel Workers: 2
[2024-08-17T02:04:00.137+0000][165][info][gc,init] Concurrent Workers: 1
[2024-08-17T02:04:00.137+0000][165][info][gc,init] Concurrent Refinement Workers: 2
[2024-08-17T02:04:00.137+0000][165][info][gc,init] Periodic GC: Disabled
[2024-08-17T02:04:00.144+0000][165][info][gc,metaspace] CDS archive(s) mapped at: [0x00007f1697000000-0x00007f1697ca5000-0x00007f1697ca5000), size 13258752, SharedBaseAddress: 0x00007f1697000000, ArchiveRelocationMode: 1.
[2024-08-17T02:04:00.145+0000][165][info][gc,metaspace] Compressed class space mapped at: 0x00007f1698000000-0x00007f16d8000000, reserved size: 1073741824
[2024-08-17T02:04:00.145+0000][165][info][gc,metaspace] Narrow klass base: 0x00007f1697000000, Narrow klass shift: 0, Narrow klass range: 0x100000000
[2024-08-17T02:04:00.442+0000][165][info][gc,start    ] GC(0) Pause Young (Normal) (G1 Evacuation Pause)
[2024-08-17T02:04:00.443+0000][165][info][gc,task     ] GC(0) Using 2 workers of 2 for evacuation
[2024-08-17T02:04:00.443+0000][165][debug][gc,age      ] GC(0) Desired survivor size 2097152 bytes, new threshold 15 (max threshold 15)
[2024-08-17T02:04:00.444+0000][165][info ][gc,phases   ] GC(0)   Pre Evacuate Collection Set: 0.1ms
[2024-08-17T02:04:00.445+0000][165][info ][gc,phases   ] GC(0)   Merge Heap Roots: 0.0ms
[2024-08-17T02:04:00.445+0000][165][info ][gc,phases   ] GC(0)   Evacuate Collection Set: 1.7ms
[2024-08-17T02:04:00.445+0000][165][info ][gc,phases   ] GC(0)   Post Evacuate Collection Set: 0.2ms
[2024-08-17T02:04:00.445+0000][165][info ][gc,phases   ] GC(0)   Other: 0.0ms
[2024-08-17T02:04:00.445+0000][165][trace][gc,age      ] GC(0) Age table with threshold 15 (max threshold 15)
[2024-08-17T02:04:00.445+0000][165][trace][gc,age      ] GC(0) - age   1:    2253792 bytes,    2253792 total
[2024-08-17T02:04:00.445+0000][165][info ][gc,heap     ] GC(0) Eden regions: 6->0(5)
[2024-08-17T02:04:00.445+0000][165][info ][gc,heap     ] GC(0) Survivor regions: 0->1(1)
[2024-08-17T02:04:00.445+0000][165][info ][gc,heap     ] GC(0) Old regions: 1->1
[2024-08-17T02:04:00.445+0000][165][info ][gc,heap     ] GC(0) Humongous regions: 0->0
[2024-08-17T02:04:00.445+0000][165][info ][gc,metaspace] GC(0) Metaspace: 1134K(1344K)->1134K(1344K) NonClass: 1052K(1152K)->1052K(1152K) Class: 82K(192K)->82K(192K)
[2024-08-17T02:04:00.445+0000][165][info ][gc          ] GC(0) Pause Young (Normal) (G1 Evacuation Pause) 24M->3M(512M) 2.244ms
[2024-08-17T02:04:00.445+0000][165][info ][gc,cpu      ] GC(0) User=0.01s Sys=0.00s Real=0.00s
[2024-08-17T02:04:00.445+0000][165][info ][safepoint   ] Safepoint "G1CollectForAllocation", Time since last: 293601982 ns, Reaching safepoint: 3477 ns, Cleanup: 135197 ns, At safepoint: 2315481 ns, Total: 2454155 ns
[2024-08-17T02:04:00.992+0000][165][info ][gc,start    ] GC(1) Pause Young (Normal) (G1 Evacuation Pause)
[2024-08-17T02:04:00.992+0000][165][info ][gc,task     ] GC(1) Using 2 workers of 2 for evacuation
[2024-08-17T02:04:00.992+0000][165][debug][gc,age      ] GC(1) Desired survivor size 2097152 bytes, new threshold 1 (max threshold 15)
[2024-08-17T02:04:00.998+0000][165][info ][gc,phases   ] GC(1)   Pre Evacuate Collection Set: 0.0ms
[2024-08-17T02:04:00.998+0000][165][info ][gc,phases   ] GC(1)   Merge Heap Roots: 0.0ms
[2024-08-17T02:04:00.998+0000][165][info ][gc,phases   ] GC(1)   Evacuate Collection Set: 5.5ms
[2024-08-17T02:04:00.998+0000][165][info ][gc,phases   ] GC(1)   Post Evacuate Collection Set: 0.2ms
[2024-08-17T02:04:00.998+0000][165][info ][gc,phases   ] GC(1)   Other: 0.1ms
[2024-08-17T02:04:00.998+0000][165][trace][gc,age      ] GC(1) Age table with threshold 1 (max threshold 15)
[2024-08-17T02:04:00.998+0000][165][trace][gc,age      ] GC(1) - age   1:    1842840 bytes,    1842840 total
[2024-08-17T02:04:00.998+0000][165][info ][gc,heap     ] GC(1) Eden regions: 5->0(7)
[2024-08-17T02:04:00.998+0000][165][info ][gc,heap     ] GC(1) Survivor regions: 1->1(1)
[2024-08-17T02:04:00.998+0000][165][info ][gc,heap     ] GC(1) Old regions: 1->2
[2024-08-17T02:04:00.998+0000][165][info ][gc,heap     ] GC(1) Humongous regions: 0->0
[2024-08-17T02:04:00.998+0000][165][info ][gc,metaspace] GC(1) Metaspace: 6724K(6976K)->6724K(6976K) NonClass: 5946K(6080K)->5946K(6080K) Class: 778K(896K)->778K(896K)
[2024-08-17T02:04:00.998+0000][165][info ][gc          ] GC(1) Pause Young (Normal) (G1 Evacuation Pause) 23M->5M(512M) 6.490ms
[2024-08-17T02:04:00.998+0000][165][info ][gc,cpu      ] GC(1) User=0.00s Sys=0.00s Real=0.00s
[2024-08-17T02:04:00.998+0000][165][info ][safepoint   ] Safepoint "G1CollectForAllocation", Time since last: 546800339 ns, Reaching safepoint: 3191 ns, Cleanup: 68392 ns, At safepoint: 6571376 ns, Total: 6642959 ns
[2024-08-17T02:04:01.426+0000][165][info ][safepoint   ] Safepoint "ICBufferFull", Time since last: 427953106 ns, Reaching safepoint: 2397 ns, Cleanup: 73724 ns, At safepoint: 2643 ns, Total: 78764 ns
[2024-08-17T02:04:01.684+0000][165][info ][gc,start    ] GC(2) Pause Young (Normal) (G1 Evacuation Pause)
[2024-08-17T02:04:01.684+0000][165][info ][gc,task     ] GC(2) Using 2 workers of 2 for evacuation
[2024-08-17T02:04:01.684+0000][165][debug][gc,age      ] GC(2) Desired survivor size 2097152 bytes, new threshold 15 (max threshold 15)
[2024-08-17T02:04:01.706+0000][165][info ][gc,phases   ] GC(2)   Pre Evacuate Collection Set: 0.0ms
[2024-08-17T02:04:01.706+0000][165][info ][gc,phases   ] GC(2)   Merge Heap Roots: 0.0ms
[2024-08-17T02:04:01.706+0000][165][info ][gc,phases   ] GC(2)   Evacuate Collection Set: 16.8ms
[2024-08-17T02:04:01.706+0000][165][info ][gc,phases   ] GC(2)   Post Evacuate Collection Set: 4.8ms
[2024-08-17T02:04:01.706+0000][165][info ][gc,phases   ] GC(2)   Other: 0.1ms
[2024-08-17T02:04:01.706+0000][165][trace][gc,age      ] GC(2) Age table with threshold 15 (max threshold 15)
[2024-08-17T02:04:01.706+0000][165][trace][gc,age      ] GC(2) - age   1:    2578472 bytes,    2578472 total
[2024-08-17T02:04:01.706+0000][165][trace][gc,age      ] GC(2) - age   2:    1380808 bytes,    3959280 total
[2024-08-17T02:04:01.706+0000][165][info ][gc,heap     ] GC(2) Eden regions: 7->0(7)
[2024-08-17T02:04:01.706+0000][165][info ][gc,heap     ] GC(2) Survivor regions: 1->1(1)
[2024-08-17T02:04:01.706+0000][165][info ][gc,heap     ] GC(2) Old regions: 2->2
[2024-08-17T02:04:01.706+0000][165][info ][gc,heap     ] GC(2) Humongous regions: 0->0
[2024-08-17T02:04:01.706+0000][165][info ][gc,metaspace] GC(2) Metaspace: 11678K(12032K)->11678K(12032K) NonClass: 10283K(10496K)->10283K(10496K) Class: 1395K(1536K)->1395K(1536K)
[2024-08-17T02:04:01.706+0000][165][info ][gc          ] GC(2) Pause Young (Normal) (G1 Evacuation Pause) 33M->7M(512M) 22.360ms
[2024-08-17T02:04:01.706+0000][165][info ][gc,cpu      ] GC(2) User=0.02s Sys=0.00s Real=0.02s
[2024-08-17T02:04:01.706+0000][165][info ][safepoint   ] Safepoint "G1CollectForAllocation", Time since last: 257437616 ns, Reaching safepoint: 3206 ns, Cleanup: 38561 ns, At safepoint: 22458478 ns, Total: 22500245 ns
[2024-08-17T02:04:02.343+0000][165][info ][safepoint   ] Safepoint "ICBufferFull", Time since last: 637263524 ns, Reaching safepoint: 2655 ns, Cleanup: 86529 ns, At safepoint: 1591 ns, Total: 90775 ns
[2024-08-17T02:04:02.465+0000][165][info ][gc,start    ] GC(3) Pause Young (Normal) (G1 Evacuation Pause)
[2024-08-17T02:04:02.466+0000][165][info ][gc,task     ] GC(3) Using 2 workers of 2 for evacuation
[2024-08-17T02:04:02.466+0000][165][debug][gc,age      ] GC(3) Desired survivor size 2097152 bytes, new threshold 1 (max threshold 15)
[2024-08-17T02:04:02.475+0000][165][info ][gc,phases   ] GC(3)   Pre Evacuate Collection Set: 0.0ms
[2024-08-17T02:04:02.475+0000][165][info ][gc,phases   ] GC(3)   Merge Heap Roots: 0.0ms
[2024-08-17T02:04:02.475+0000][165][info ][gc,phases   ] GC(3)   Evacuate Collection Set: 8.3ms
[2024-08-17T02:04:02.475+0000][165][info ][gc,phases   ] GC(3)   Post Evacuate Collection Set: 0.9ms
[2024-08-17T02:04:02.475+0000][165][info ][gc,phases   ] GC(3)   Other: 0.1ms
[2024-08-17T02:04:02.475+0000][165][trace][gc,age      ] GC(3) Age table with threshold 1 (max threshold 15)
[2024-08-17T02:04:02.475+0000][165][trace][gc,age      ] GC(3) - age   1:    2176096 bytes,    2176096 total
[2024-08-17T02:04:02.475+0000][165][info ][gc,heap     ] GC(3) Eden regions: 7->0(12)
[2024-08-17T02:04:02.475+0000][165][info ][gc,heap     ] GC(3) Survivor regions: 1->1(1)
[2024-08-17T02:04:02.475+0000][165][info ][gc,heap     ] GC(3) Old regions: 2->3
[2024-08-17T02:04:02.475+0000][165][info ][gc,heap     ] GC(3) Humongous regions: 0->0
[2024-08-17T02:04:02.475+0000][165][info ][gc,metaspace] GC(3) Metaspace: 18005K(18496K)->18005K(18496K) NonClass: 16037K(16320K)->16037K(16320K) Class: 1968K(2176K)->1968K(2176K)
[2024-08-17T02:04:02.475+0000][165][info ][gc          ] GC(3) Pause Young (Normal) (G1 Evacuation Pause) 35M->10M(512M) 9.826ms
[2024-08-17T02:04:02.475+0000][165][info ][gc,cpu      ] GC(3) User=0.01s Sys=0.00s Real=0.01s
[2024-08-17T02:04:02.475+0000][165][info ][safepoint   ] Safepoint "G1CollectForAllocation", Time since last: 121974709 ns, Reaching safepoint: 2897 ns, Cleanup: 20254 ns, At safepoint: 9910831 ns, Total: 9933982 ns
[2024-08-17T02:04:03.008+0000][165][info ][safepoint   ] Safepoint "ICBufferFull", Time since last: 532911668 ns, Reaching safepoint: 4219 ns, Cleanup: 117033 ns, At safepoint: 4568 ns, Total: 125820 ns
[2024-08-17T02:04:03.039+0000][165][info ][gc,start    ] GC(4) Pause Young (Normal) (G1 Evacuation Pause)
[2024-08-17T02:04:03.040+0000][165][info ][gc,task     ] GC(4) Using 2 workers of 2 for evacuation
[2024-08-17T02:04:03.040+0000][165][debug][gc,age      ] GC(4) Desired survivor size 4194304 bytes, new threshold 15 (max threshold 15)
[2024-08-17T02:04:03.044+0000][165][info ][gc,phases   ] GC(4)   Pre Evacuate Collection Set: 0.0ms
[2024-08-17T02:04:03.044+0000][165][info ][gc,phases   ] GC(4)   Merge Heap Roots: 0.0ms
[2024-08-17T02:04:03.044+0000][165][info ][gc,phases   ] GC(4)   Evacuate Collection Set: 4.4ms
[2024-08-17T02:04:03.044+0000][165][info ][gc,phases   ] GC(4)   Post Evacuate Collection Set: 0.2ms
[2024-08-17T02:04:03.044+0000][165][info ][gc,phases   ] GC(4)   Other: 0.1ms
[2024-08-17T02:04:03.044+0000][165][trace][gc,age      ] GC(4) Age table with threshold 15 (max threshold 15)
[2024-08-17T02:04:03.045+0000][165][trace][gc,age      ] GC(4) - age   1:     934360 bytes,     934360 total
[2024-08-17T02:04:03.045+0000][165][trace][gc,age      ] GC(4) - age   2:    1295008 bytes,    2229368 total
[2024-08-17T02:04:03.045+0000][165][info ][gc,heap     ] GC(4) Eden regions: 12->0(75)
[2024-08-17T02:04:03.045+0000][165][info ][gc,heap     ] GC(4) Survivor regions: 1->1(2)
[2024-08-17T02:04:03.045+0000][165][info ][gc,heap     ] GC(4) Old regions: 3->3
[2024-08-17T02:04:03.045+0000][165][info ][gc,heap     ] GC(4) Humongous regions: 0->0
[2024-08-17T02:04:03.045+0000][165][info ][gc,metaspace] GC(4) Metaspace: 18759K(19264K)->18759K(19264K) NonClass: 16747K(17024K)->16747K(17024K) Class: 2012K(2240K)->2012K(2240K)
[2024-08-17T02:04:03.045+0000][165][info ][gc          ] GC(4) Pause Young (Normal) (G1 Evacuation Pause) 58M->10M(512M) 5.443ms
[2024-08-17T02:04:03.045+0000][165][info ][gc,cpu      ] GC(4) User=0.01s Sys=0.00s Real=0.01s
[2024-08-17T02:04:03.045+0000][165][info ][safepoint   ] Safepoint "G1CollectForAllocation", Time since last: 30845395 ns, Reaching safepoint: 3623 ns, Cleanup: 13778 ns, At safepoint: 5528987 ns, Total: 5546388 ns
[2024-08-17T02:04:03.403+0000][165][info ][safepoint   ] Safepoint "ICBufferFull", Time since last: 358022393 ns, Reaching safepoint: 3223 ns, Cleanup: 80736 ns, At safepoint: 1475 ns, Total: 85434 ns
[2024-08-17T02:04:03.568+0000][165][info ][gc,start    ] GC(5) Pause Young (Concurrent Start) (Metadata GC Threshold)
[2024-08-17T02:04:03.568+0000][165][info ][gc,task     ] GC(5) Using 2 workers of 2 for evacuation
[2024-08-17T02:04:03.568+0000][165][debug][gc,age      ] GC(5) Desired survivor size 20971520 bytes, new threshold 15 (max threshold 15)
[2024-08-17T02:04:03.576+0000][165][info ][gc,phases   ] GC(5)   Pre Evacuate Collection Set: 0.1ms
[2024-08-17T02:04:03.576+0000][165][info ][gc,phases   ] GC(5)   Merge Heap Roots: 0.0ms
[2024-08-17T02:04:03.576+0000][165][info ][gc,phases   ] GC(5)   Evacuate Collection Set: 7.2ms
[2024-08-17T02:04:03.576+0000][165][info ][gc,phases   ] GC(5)   Post Evacuate Collection Set: 0.3ms
[2024-08-17T02:04:03.576+0000][165][info ][gc,phases   ] GC(5)   Other: 0.1ms
[2024-08-17T02:04:03.576+0000][165][trace][gc,age      ] GC(5) Age table with threshold 15 (max threshold 15)
[2024-08-17T02:04:03.576+0000][165][trace][gc,age      ] GC(5) - age   1:    2748528 bytes,    2748528 total
[2024-08-17T02:04:03.576+0000][165][trace][gc,age      ] GC(5) - age   2:     926680 bytes,    3675208 total
[2024-08-17T02:04:03.576+0000][165][trace][gc,age      ] GC(5) - age   3:    1292640 bytes,    4967848 total
[2024-08-17T02:04:03.576+0000][165][info ][gc,heap     ] GC(5) Eden regions: 35->0(74)
[2024-08-17T02:04:03.576+0000][165][info ][gc,heap     ] GC(5) Survivor regions: 1->2(10)
[2024-08-17T02:04:03.576+0000][165][info ][gc,heap     ] GC(5) Old regions: 3->3
[2024-08-17T02:04:03.576+0000][165][info ][gc,heap     ] GC(5) Humongous regions: 0->0
[2024-08-17T02:04:03.576+0000][165][info ][gc,metaspace] GC(5) Metaspace: 21007K(21504K)->21007K(21504K) NonClass: 18749K(19008K)->18749K(19008K) Class: 2257K(2496K)->2257K(2496K)
[2024-08-17T02:04:03.576+0000][165][info ][gc          ] GC(5) Pause Young (Concurrent Start) (Metadata GC Threshold) 148M->13M(512M) 7.846ms
[2024-08-17T02:04:03.576+0000][165][info ][gc,cpu      ] GC(5) User=0.00s Sys=0.00s Real=0.01s
[2024-08-17T02:04:03.576+0000][165][info ][safepoint   ] Safepoint "CollectForMetadataAllocation", Time since last: 165876026 ns, Reaching safepoint: 3185 ns, Cleanup: 40995 ns, At safepoint: 7918630 ns, Total: 7962810 ns
[2024-08-17T02:04:03.577+0000][165][info ][gc          ] GC(6) Concurrent Mark Cycle
[2024-08-17T02:04:03.577+0000][165][info ][gc,marking  ] GC(6) Concurrent Scan Root Regions
[2024-08-17T02:04:03.580+0000][165][info ][gc,marking  ] GC(6) Concurrent Scan Root Regions 2.750ms
[2024-08-17T02:04:03.580+0000][165][info ][gc,marking  ] GC(6) Concurrent Mark
[2024-08-17T02:04:03.580+0000][165][info ][gc,marking  ] GC(6) Concurrent Mark From Roots
[2024-08-17T02:04:03.580+0000][165][info ][gc,task     ] GC(6) Using 1 workers of 1 for marking
[2024-08-17T02:04:03.590+0000][165][info ][gc,marking  ] GC(6) Concurrent Mark From Roots 9.593ms
[2024-08-17T02:04:03.590+0000][165][info ][gc,marking  ] GC(6) Concurrent Preclean
[2024-08-17T02:04:03.590+0000][165][info ][gc,marking  ] GC(6) Concurrent Preclean 0.062ms
[2024-08-17T02:04:03.590+0000][165][info ][gc,start    ] GC(6) Pause Remark
[2024-08-17T02:04:03.599+0000][165][info ][gc          ] GC(6) Pause Remark 15M->15M(512M) 9.763ms
[2024-08-17T02:04:03.600+0000][165][info ][gc,cpu      ] GC(6) User=0.02s Sys=0.00s Real=0.01s
[2024-08-17T02:04:03.600+0000][165][info ][safepoint   ] Safepoint "G1PauseRemark", Time since last: 13397847 ns, Reaching safepoint: 2389 ns, Cleanup: 2058 ns, At safepoint: 9897385 ns, Total: 9901832 ns
[2024-08-17T02:04:03.600+0000][165][info ][gc,marking  ] GC(6) Concurrent Mark 19.745ms
[2024-08-17T02:04:03.600+0000][165][info ][gc,marking  ] GC(6) Concurrent Rebuild Remembered Sets and Scrub Regions
[2024-08-17T02:04:03.605+0000][165][info ][gc,marking  ] GC(6) Concurrent Rebuild Remembered Sets and Scrub Regions 5.505ms
[2024-08-17T02:04:03.605+0000][165][info ][gc,start    ] GC(6) Pause Cleanup
[2024-08-17T02:04:03.605+0000][165][info ][gc          ] GC(6) Pause Cleanup 15M->15M(512M) 0.106ms
[2024-08-17T02:04:03.606+0000][165][info ][gc,cpu      ] GC(6) User=0.01s Sys=0.00s Real=0.00s
[2024-08-17T02:04:03.606+0000][165][info ][safepoint   ] Safepoint "G1PauseCleanup", Time since last: 5746668 ns, Reaching safepoint: 2479 ns, Cleanup: 1984 ns, At safepoint: 177585 ns, Total: 182048 ns
[2024-08-17T02:04:03.606+0000][165][info ][gc,marking  ] GC(6) Concurrent Clear Claimed Marks
[2024-08-17T02:04:03.606+0000][165][info ][gc,marking  ] GC(6) Concurrent Clear Claimed Marks 0.049ms
[2024-08-17T02:04:03.606+0000][165][info ][gc,marking  ] GC(6) Concurrent Cleanup for Next Mark
[2024-08-17T02:04:03.609+0000][165][info ][gc,marking  ] GC(6) Concurrent Cleanup for Next Mark 2.985ms
[2024-08-17T02:04:03.609+0000][165][info ][gc          ] GC(6) Concurrent Mark Cycle 31.949ms
[2024-08-17T02:04:04.526+0000][165][info ][safepoint   ] Safepoint "ICBufferFull", Time since last: 920745493 ns, Reaching safepoint: 3440 ns, Cleanup: 140181 ns, At safepoint: 2158 ns, Total: 145779 ns
[2024-08-17T02:04:05.027+0000][165][info ][safepoint   ] Safepoint "ICBufferFull", Time since last: 500221361 ns, Reaching safepoint: 3224 ns, Cleanup: 116167 ns, At safepoint: 1818 ns, Total: 121209 ns
[2024-08-17T02:04:05.215+0000][165][info ][gc,start    ] GC(7) Pause Young (Prepare Mixed) (G1 Evacuation Pause)
[2024-08-17T02:04:05.216+0000][165][info ][gc,task     ] GC(7) Using 2 workers of 2 for evacuation
[2024-08-17T02:04:05.216+0000][165][debug][gc,age      ] GC(7) Desired survivor size 20971520 bytes, new threshold 15 (max threshold 15)
[2024-08-17T02:04:05.235+0000][165][info ][gc,phases   ] GC(7)   Pre Evacuate Collection Set: 0.1ms
[2024-08-17T02:04:05.235+0000][165][info ][gc,phases   ] GC(7)   Merge Heap Roots: 0.0ms
[2024-08-17T02:04:05.235+0000][165][info ][gc,phases   ] GC(7)   Evacuate Collection Set: 18.2ms
[2024-08-17T02:04:05.235+0000][165][info ][gc,phases   ] GC(7)   Post Evacuate Collection Set: 0.8ms
[2024-08-17T02:04:05.235+0000][165][info ][gc,phases   ] GC(7)   Other: 0.1ms
[2024-08-17T02:04:05.235+0000][165][trace][gc,age      ] GC(7) Age table with threshold 15 (max threshold 15)
[2024-08-17T02:04:05.235+0000][165][trace][gc,age      ] GC(7) - age   1:    8174096 bytes,    8174096 total
[2024-08-17T02:04:05.235+0000][165][trace][gc,age      ] GC(7) - age   2:    2628384 bytes,   10802480 total
[2024-08-17T02:04:05.235+0000][165][trace][gc,age      ] GC(7) - age   3:     926296 bytes,   11728776 total
[2024-08-17T02:04:05.235+0000][165][trace][gc,age      ] GC(7) - age   4:    1284592 bytes,   13013368 total
[2024-08-17T02:04:05.235+0000][165][info ][gc,heap     ] GC(7) Eden regions: 74->0(72)
[2024-08-17T02:04:05.235+0000][165][info ][gc,heap     ] GC(7) Survivor regions: 2->4(10)
[2024-08-17T02:04:05.235+0000][165][info ][gc,heap     ] GC(7) Old regions: 3->3
[2024-08-17T02:04:05.235+0000][165][info ][gc,heap     ] GC(7) Humongous regions: 0->0
[2024-08-17T02:04:05.235+0000][165][info ][gc,metaspace] GC(7) Metaspace: 27774K(28480K)->27774K(28480K) NonClass: 24652K(25024K)->24652K(25024K) Class: 3121K(3456K)->3121K(3456K)
[2024-08-17T02:04:05.235+0000][165][info ][gc          ] GC(7) Pause Young (Prepare Mixed) (G1 Evacuation Pause) 309M->21M(512M) 19.401ms
[2024-08-17T02:04:05.235+0000][165][info ][gc,cpu      ] GC(7) User=0.02s Sys=0.00s Real=0.02s
[2024-08-17T02:04:05.235+0000][165][info ][safepoint   ] Safepoint "G1CollectForAllocation", Time since last: 188631897 ns, Reaching safepoint: 3188 ns, Cleanup: 37077 ns, At safepoint: 19432789 ns, Total: 19473054 ns
[2024-08-17T02:04:05.840+0000][165][info ][gc,start    ] GC(8) Pause Young (Mixed) (G1 Evacuation Pause)
[2024-08-17T02:04:05.840+0000][165][info ][gc,task     ] GC(8) Using 2 workers of 2 for evacuation
[2024-08-17T02:04:05.840+0000][165][debug][gc,age      ] GC(8) Desired survivor size 20971520 bytes, new threshold 15 (max threshold 15)
[2024-08-17T02:04:05.861+0000][165][info ][gc,phases   ] GC(8)   Pre Evacuate Collection Set: 0.1ms
[2024-08-17T02:04:05.861+0000][165][info ][gc,phases   ] GC(8)   Merge Heap Roots: 0.1ms
[2024-08-17T02:04:05.861+0000][165][info ][gc,phases   ] GC(8)   Evacuate Collection Set: 12.8ms
[2024-08-17T02:04:05.862+0000][165][info ][gc,phases   ] GC(8)   Post Evacuate Collection Set: 8.2ms
[2024-08-17T02:04:05.862+0000][165][info ][gc,phases   ] GC(8)   Other: 0.0ms
[2024-08-17T02:04:05.862+0000][165][trace][gc,age      ] GC(8) Age table with threshold 15 (max threshold 15)
[2024-08-17T02:04:05.862+0000][165][trace][gc,age      ] GC(8) - age   1:    4142464 bytes,    4142464 total
[2024-08-17T02:04:05.862+0000][165][trace][gc,age      ] GC(8) - age   2:    6959144 bytes,   11101608 total
[2024-08-17T02:04:05.862+0000][165][trace][gc,age      ] GC(8) - age   3:    2628096 bytes,   13729704 total
[2024-08-17T02:04:05.862+0000][165][trace][gc,age      ] GC(8) - age   4:     926296 bytes,   14656000 total
[2024-08-17T02:04:05.862+0000][165][trace][gc,age      ] GC(8) - age   5:    1284592 bytes,   15940592 total
[2024-08-17T02:04:05.862+0000][165][info ][gc,heap     ] GC(8) Eden regions: 72->0(67)
[2024-08-17T02:04:05.862+0000][165][info ][gc,heap     ] GC(8) Survivor regions: 4->4(10)
[2024-08-17T02:04:05.862+0000][165][info ][gc,heap     ] GC(8) Old regions: 3->2
[2024-08-17T02:04:05.862+0000][165][info ][gc,heap     ] GC(8) Humongous regions: 0->0
[2024-08-17T02:04:05.862+0000][165][info ][gc,metaspace] GC(8) Metaspace: 28391K(29120K)->28391K(29120K) NonClass: 25188K(25600K)->25188K(25600K) Class: 3202K(3520K)->3202K(3520K)
[2024-08-17T02:04:05.862+0000][165][info ][gc          ] GC(8) Pause Young (Mixed) (G1 Evacuation Pause) 309M->23M(512M) 21.848ms
[2024-08-17T02:04:05.862+0000][165][info ][gc,cpu      ] GC(8) User=0.02s Sys=0.00s Real=0.03s
[2024-08-17T02:04:05.862+0000][165][info ][safepoint   ] Safepoint "G1CollectForAllocation", Time since last: 605032257 ns, Reaching safepoint: 74289 ns, Cleanup: 47455 ns, At safepoint: 21930850 ns, Total: 22052594 ns
[2024-08-17T02:04:06.788+0000][165][info ][safepoint   ] Safepoint "ICBufferFull", Time since last: 925932112 ns, Reaching safepoint: 2595 ns, Cleanup: 82941 ns, At safepoint: 1309 ns, Total: 86845 ns
[2024-08-17T02:04:06.811+0000][165][info ][gc,start    ] GC(9) Pause Young (Normal) (G1 Evacuation Pause)
[2024-08-17T02:04:06.811+0000][165][info ][gc,task     ] GC(9) Using 2 workers of 2 for evacuation
[2024-08-17T02:04:06.811+0000][165][debug][gc,age      ] GC(9) Desired survivor size 18874368 bytes, new threshold 15 (max threshold 15)
[2024-08-17T02:04:06.821+0000][165][info ][gc,phases   ] GC(9)   Pre Evacuate Collection Set: 0.1ms
[2024-08-17T02:04:06.821+0000][165][info ][gc,phases   ] GC(9)   Merge Heap Roots: 0.0ms
[2024-08-17T02:04:06.821+0000][165][info ][gc,phases   ] GC(9)   Evacuate Collection Set: 8.4ms
[2024-08-17T02:04:06.821+0000][165][info ][gc,phases   ] GC(9)   Post Evacuate Collection Set: 0.8ms
[2024-08-17T02:04:06.821+0000][165][info ][gc,phases   ] GC(9)   Other: 0.1ms
[2024-08-17T02:04:06.821+0000][165][trace][gc,age      ] GC(9) Age table with threshold 15 (max threshold 15)
[2024-08-17T02:04:06.821+0000][165][trace][gc,age      ] GC(9) - age   1:    6355408 bytes,    6355408 total
[2024-08-17T02:04:06.821+0000][165][trace][gc,age      ] GC(9) - age   2:    2195664 bytes,    8551072 total
[2024-08-17T02:04:06.821+0000][165][trace][gc,age      ] GC(9) - age   3:    6955112 bytes,   15506184 total
[2024-08-17T02:04:06.821+0000][165][trace][gc,age      ] GC(9) - age   4:    2626944 bytes,   18133128 total
[2024-08-17T02:04:06.821+0000][165][trace][gc,age      ] GC(9) - age   5:     926120 bytes,   19059248 total
[2024-08-17T02:04:06.821+0000][165][trace][gc,age      ] GC(9) - age   6:    1283800 bytes,   20343048 total
[2024-08-17T02:04:06.821+0000][165][info ][gc,heap     ] GC(9) Eden regions: 67->0(71)
[2024-08-17T02:04:06.821+0000][165][info ][gc,heap     ] GC(9) Survivor regions: 4->5(9)
[2024-08-17T02:04:06.821+0000][165][info ][gc,heap     ] GC(9) Old regions: 2->2
[2024-08-17T02:04:06.821+0000][165][info ][gc,heap     ] GC(9) Humongous regions: 0->0
[2024-08-17T02:04:06.821+0000][165][info ][gc,metaspace] GC(9) Metaspace: 34190K(35072K)->34190K(35072K) NonClass: 30344K(30848K)->30344K(30848K) Class: 3845K(4224K)->3845K(4224K)
[2024-08-17T02:04:06.821+0000][165][info ][gc          ] GC(9) Pause Young (Normal) (G1 Evacuation Pause) 291M->27M(512M) 10.037ms
[2024-08-17T02:04:06.821+0000][165][info ][gc,cpu      ] GC(9) User=0.00s Sys=0.01s Real=0.01s
[2024-08-17T02:04:06.821+0000][165][info ][safepoint   ] Safepoint "G1CollectForAllocation", Time since last: 23158552 ns, Reaching safepoint: 93444 ns, Cleanup: 6503 ns, At safepoint: 10120428 ns, Total: 10220375 ns
[2024-08-17T02:04:07.037+0000][165][info ][gc,start    ] GC(10) Pause Young (Concurrent Start) (Metadata GC Threshold)
[2024-08-17T02:04:07.037+0000][165][info ][gc,task     ] GC(10) Using 2 workers of 2 for evacuation
[2024-08-17T02:04:07.037+0000][165][debug][gc,age      ] GC(10) Desired survivor size 20971520 bytes, new threshold 15 (max threshold 15)
[2024-08-17T02:04:07.061+0000][165][info ][gc,phases   ] GC(10)   Pre Evacuate Collection Set: 0.1ms
[2024-08-17T02:04:07.061+0000][165][info ][gc,phases   ] GC(10)   Merge Heap Roots: 0.0ms
[2024-08-17T02:04:07.061+0000][165][info ][gc,phases   ] GC(10)   Evacuate Collection Set: 23.0ms
[2024-08-17T02:04:07.061+0000][165][info ][gc,phases   ] GC(10)   Post Evacuate Collection Set: 0.5ms
[2024-08-17T02:04:07.061+0000][165][info ][gc,phases   ] GC(10)   Other: 0.2ms
[2024-08-17T02:04:07.061+0000][165][trace][gc,age      ] GC(10) Age table with threshold 15 (max threshold 15)
[2024-08-17T02:04:07.061+0000][165][trace][gc,age      ] GC(10) - age   1:    2516072 bytes,    2516072 total
[2024-08-17T02:04:07.061+0000][165][trace][gc,age      ] GC(10) - age   2:    5576888 bytes,    8092960 total
[2024-08-17T02:04:07.061+0000][165][trace][gc,age      ] GC(10) - age   3:    2194840 bytes,   10287800 total
[2024-08-17T02:04:07.061+0000][165][trace][gc,age      ] GC(10) - age   4:    6953216 bytes,   17241016 total
[2024-08-17T02:04:07.061+0000][165][trace][gc,age      ] GC(10) - age   5:    2626400 bytes,   19867416 total
[2024-08-17T02:04:07.061+0000][165][trace][gc,age      ] GC(10) - age   6:     925624 bytes,   20793040 total
[2024-08-17T02:04:07.061+0000][165][trace][gc,age      ] GC(10) - age   7:    1281160 bytes,   22074200 total
[2024-08-17T02:04:07.061+0000][165][info ][gc,heap     ] GC(10) Eden regions: 16->0(70)
[2024-08-17T02:04:07.061+0000][165][info ][gc,heap     ] GC(10) Survivor regions: 5->6(10)
[2024-08-17T02:04:07.061+0000][165][info ][gc,heap     ] GC(10) Old regions: 2->2
[2024-08-17T02:04:07.061+0000][165][info ][gc,heap     ] GC(10) Humongous regions: 0->0
[2024-08-17T02:04:07.061+0000][165][info ][gc,metaspace] GC(10) Metaspace: 35014K(35840K)->35014K(35840K) NonClass: 31067K(31552K)->31067K(31552K) Class: 3946K(4288K)->3946K(4288K)
[2024-08-17T02:04:07.061+0000][165][info ][gc          ] GC(10) Pause Young (Concurrent Start) (Metadata GC Threshold) 89M->31M(512M) 24.149ms
[2024-08-17T02:04:07.061+0000][165][info ][gc,cpu      ] GC(10) User=0.04s Sys=0.00s Real=0.03s
[2024-08-17T02:04:07.061+0000][165][info ][gc          ] GC(11) Concurrent Mark Cycle
[2024-08-17T02:04:07.061+0000][165][info ][gc,marking  ] GC(11) Concurrent Scan Root Regions
[2024-08-17T02:04:07.061+0000][165][info ][safepoint   ] Safepoint "CollectForMetadataAllocation", Time since last: 215537424 ns, Reaching safepoint: 3423 ns, Cleanup: 23248 ns, At safepoint: 24220583 ns, Total: 24247254 ns
[2024-08-17T02:04:07.070+0000][165][info ][gc,marking  ] GC(11) Concurrent Scan Root Regions 8.830ms
[2024-08-17T02:04:07.070+0000][165][info ][gc,marking  ] GC(11) Concurrent Mark
[2024-08-17T02:04:07.070+0000][165][info ][gc,marking  ] GC(11) Concurrent Mark From Roots
[2024-08-17T02:04:07.070+0000][165][info ][gc,task     ] GC(11) Using 1 workers of 1 for marking
[2024-08-17T02:04:07.082+0000][165][info ][gc,marking  ] GC(11) Concurrent Mark From Roots 11.711ms
[2024-08-17T02:04:07.082+0000][165][info ][gc,marking  ] GC(11) Concurrent Preclean
[2024-08-17T02:04:07.082+0000][165][info ][gc,marking  ] GC(11) Concurrent Preclean 0.061ms
[2024-08-17T02:04:07.082+0000][165][info ][gc,start    ] GC(11) Pause Remark
[2024-08-17T02:04:07.089+0000][165][info ][gc          ] GC(11) Pause Remark 33M->33M(512M) 6.510ms
[2024-08-17T02:04:07.089+0000][165][info ][gc,cpu      ] GC(11) User=0.00s Sys=0.00s Real=0.00s
[2024-08-17T02:04:07.089+0000][165][info ][safepoint   ] Safepoint "G1PauseRemark", Time since last: 20851747 ns, Reaching safepoint: 3783 ns, Cleanup: 2522 ns, At safepoint: 6564552 ns, Total: 6570857 ns
[2024-08-17T02:04:07.089+0000][165][info ][gc,marking  ] GC(11) Concurrent Mark 18.519ms
[2024-08-17T02:04:07.089+0000][165][info ][gc,marking  ] GC(11) Concurrent Rebuild Remembered Sets and Scrub Regions
[2024-08-17T02:04:07.096+0000][165][info ][gc,marking  ] GC(11) Concurrent Rebuild Remembered Sets and Scrub Regions 7.187ms
[2024-08-17T02:04:07.096+0000][165][info ][gc,start    ] GC(11) Pause Cleanup
[2024-08-17T02:04:07.096+0000][165][info ][gc          ] GC(11) Pause Cleanup 33M->33M(512M) 0.041ms
[2024-08-17T02:04:07.096+0000][165][info ][gc,cpu      ] GC(11) User=0.00s Sys=0.00s Real=0.00s
[2024-08-17T02:04:07.096+0000][165][info ][safepoint   ] Safepoint "G1PauseCleanup", Time since last: 7301557 ns, Reaching safepoint: 2744 ns, Cleanup: 7688 ns, At safepoint: 108549 ns, Total: 118981 ns
[2024-08-17T02:04:07.096+0000][165][info ][gc,marking  ] GC(11) Concurrent Clear Claimed Marks
[2024-08-17T02:04:07.096+0000][165][info ][gc,marking  ] GC(11) Concurrent Clear Claimed Marks 0.075ms
[2024-08-17T02:04:07.096+0000][165][info ][gc,marking  ] GC(11) Concurrent Cleanup for Next Mark
[2024-08-17T02:04:07.097+0000][165][info ][gc,marking  ] GC(11) Concurrent Cleanup for Next Mark 0.611ms
[2024-08-17T02:04:07.097+0000][165][info ][gc          ] GC(11) Concurrent Mark Cycle 35.676ms
[2024-08-17T02:04:07.585+0000][165][info ][gc,start    ] GC(12) Pause Young (Normal) (G1 Evacuation Pause)
[2024-08-17T02:04:07.585+0000][165][info ][gc,task     ] GC(12) Using 2 workers of 2 for evacuation
[2024-08-17T02:04:07.585+0000][165][debug][gc,age      ] GC(12) Desired survivor size 20971520 bytes, new threshold 7 (max threshold 15)
[2024-08-17T02:04:07.624+0000][165][info ][gc,phases   ] GC(12)   Pre Evacuate Collection Set: 0.0ms
[2024-08-17T02:04:07.624+0000][165][info ][gc,phases   ] GC(12)   Merge Heap Roots: 0.0ms
[2024-08-17T02:04:07.624+0000][165][info ][gc,phases   ] GC(12)   Evacuate Collection Set: 35.5ms
[2024-08-17T02:04:07.624+0000][165][info ][gc,phases   ] GC(12)   Post Evacuate Collection Set: 3.9ms
[2024-08-17T02:04:07.624+0000][165][info ][gc,phases   ] GC(12)   Other: 0.1ms
[2024-08-17T02:04:07.625+0000][165][trace][gc,age      ] GC(12) Age table with threshold 7 (max threshold 15)
[2024-08-17T02:04:07.625+0000][165][trace][gc,age      ] GC(12) - age   1:    1972368 bytes,    1972368 total
[2024-08-17T02:04:07.625+0000][165][trace][gc,age      ] GC(12) - age   2:    2506112 bytes,    4478480 total
[2024-08-17T02:04:07.625+0000][165][trace][gc,age      ] GC(12) - age   3:    5576640 bytes,   10055120 total
[2024-08-17T02:04:07.625+0000][165][trace][gc,age      ] GC(12) - age   4:    2194680 bytes,   12249800 total
[2024-08-17T02:04:07.625+0000][165][trace][gc,age      ] GC(12) - age   5:    6948368 bytes,   19198168 total
[2024-08-17T02:04:07.625+0000][165][trace][gc,age      ] GC(12) - age   6:    2624160 bytes,   21822328 total
[2024-08-17T02:04:07.625+0000][165][trace][gc,age      ] GC(12) - age   7:     906760 bytes,   22729088 total
[2024-08-17T02:04:07.625+0000][165][info ][gc,heap     ] GC(12) Eden regions: 70->0(70)
[2024-08-17T02:04:07.625+0000][165][info ][gc,heap     ] GC(12) Survivor regions: 6->6(10)
[2024-08-17T02:04:07.625+0000][165][info ][gc,heap     ] GC(12) Old regions: 2->3
[2024-08-17T02:04:07.625+0000][165][info ][gc,heap     ] GC(12) Humongous regions: 0->0
[2024-08-17T02:04:07.625+0000][165][info ][gc,metaspace] GC(12) Metaspace: 36218K(37184K)->36218K(37184K) NonClass: 32116K(32704K)->32116K(32704K) Class: 4102K(4480K)->4102K(4480K)
[2024-08-17T02:04:07.625+0000][165][info ][gc          ] GC(12) Pause Young (Normal) (G1 Evacuation Pause) 311M->33M(512M) 40.322ms
[2024-08-17T02:04:07.625+0000][165][info ][gc,cpu      ] GC(12) User=0.03s Sys=0.00s Real=0.04s
[2024-08-17T02:04:07.625+0000][165][info ][safepoint   ] Safepoint "G1CollectForAllocation", Time since last: 488377719 ns, Reaching safepoint: 3898 ns, Cleanup: 187324 ns, At safepoint: 40437761 ns, Total: 40628983 ns
[2024-08-17T02:04:08.461+0000][165][info ][safepoint   ] Safepoint "ICBufferFull", Time since last: 835867261 ns, Reaching safepoint: 2876 ns, Cleanup: 108117 ns, At safepoint: 2038 ns, Total: 113031 ns
[2024-08-17T02:04:08.682+0000][165][info ][gc,start    ] GC(13) Pause Young (Normal) (G1 Evacuation Pause)
[2024-08-17T02:04:08.682+0000][165][info ][gc,task     ] GC(13) Using 2 workers of 2 for evacuation
[2024-08-17T02:04:08.682+0000][165][debug][gc,age      ] GC(13) Desired survivor size 20971520 bytes, new threshold 6 (max threshold 15)
[2024-08-17T02:04:08.695+0000][165][info ][gc,phases   ] GC(13)   Pre Evacuate Collection Set: 0.1ms
[2024-08-17T02:04:08.695+0000][165][info ][gc,phases   ] GC(13)   Merge Heap Roots: 0.0ms
[2024-08-17T02:04:08.695+0000][165][info ][gc,phases   ] GC(13)   Evacuate Collection Set: 10.7ms
[2024-08-17T02:04:08.695+0000][165][info ][gc,phases   ] GC(13)   Post Evacuate Collection Set: 1.7ms
[2024-08-17T02:04:08.695+0000][165][info ][gc,phases   ] GC(13)   Other: 0.1ms
[2024-08-17T02:04:08.695+0000][165][trace][gc,age      ] GC(13) Age table with threshold 6 (max threshold 15)
[2024-08-17T02:04:08.695+0000][165][trace][gc,age      ] GC(13) - age   1:    4342312 bytes,    4342312 total
[2024-08-17T02:04:08.695+0000][165][trace][gc,age      ] GC(13) - age   2:    1469896 bytes,    5812208 total
[2024-08-17T02:04:08.695+0000][165][trace][gc,age      ] GC(13) - age   3:    2501096 bytes,    8313304 total
[2024-08-17T02:04:08.696+0000][165][trace][gc,age      ] GC(13) - age   4:    5553560 bytes,   13866864 total
[2024-08-17T02:04:08.696+0000][165][trace][gc,age      ] GC(13) - age   5:    2181816 bytes,   16048680 total
[2024-08-17T02:04:08.696+0000][165][trace][gc,age      ] GC(13) - age   6:    6929888 bytes,   22978568 total
[2024-08-17T02:04:08.696+0000][165][info ][gc,heap     ] GC(13) Eden regions: 70->0(70)
[2024-08-17T02:04:08.696+0000][165][info ][gc,heap     ] GC(13) Survivor regions: 6->6(10)
[2024-08-17T02:04:08.696+0000][165][info ][gc,heap     ] GC(13) Old regions: 3->4
[2024-08-17T02:04:08.696+0000][165][info ][gc,heap     ] GC(13) Humongous regions: 0->0
[2024-08-17T02:04:08.696+0000][165][info ][gc,metaspace] GC(13) Metaspace: 40471K(41536K)->40471K(41536K) NonClass: 35788K(36416K)->35788K(36416K) Class: 4682K(5120K)->4682K(5120K)
[2024-08-17T02:04:08.696+0000][165][info ][gc          ] GC(13) Pause Young (Normal) (G1 Evacuation Pause) 313M->36M(512M) 13.456ms
[2024-08-17T02:04:08.696+0000][165][info ][gc,cpu      ] GC(13) User=0.02s Sys=0.00s Real=0.01s
[2024-08-17T02:04:08.696+0000][165][info ][safepoint   ] Safepoint "G1CollectForAllocation", Time since last: 221292233 ns, Reaching safepoint: 2630 ns, Cleanup: 26266 ns, At safepoint: 13565258 ns, Total: 13594154 ns
[2024-08-17T02:04:09.420+0000][165][info ][safepoint   ] Safepoint "ICBufferFull", Time since last: 723870348 ns, Reaching safepoint: 2898 ns, Cleanup: 113366 ns, At safepoint: 1496 ns, Total: 117760 ns
[2024-08-17T02:04:10.326+0000][165][info ][gc,start    ] GC(14) Pause Young (Concurrent Start) (Metadata GC Threshold)
[2024-08-17T02:04:10.326+0000][165][info ][gc,task     ] GC(14) Using 2 workers of 2 for evacuation
[2024-08-17T02:04:10.326+0000][165][debug][gc,age      ] GC(14) Desired survivor size 20971520 bytes, new threshold 6 (max threshold 15)
[2024-08-17T02:04:10.343+0000][165][info ][gc,phases   ] GC(14)   Pre Evacuate Collection Set: 0.1ms
[2024-08-17T02:04:10.343+0000][165][info ][gc,phases   ] GC(14)   Merge Heap Roots: 0.0ms
[2024-08-17T02:04:10.343+0000][165][info ][gc,phases   ] GC(14)   Evacuate Collection Set: 13.7ms
[2024-08-17T02:04:10.343+0000][165][info ][gc,phases   ] GC(14)   Post Evacuate Collection Set: 3.0ms
[2024-08-17T02:04:10.343+0000][165][info ][gc,phases   ] GC(14)   Other: 0.1ms
[2024-08-17T02:04:10.343+0000][165][trace][gc,age      ] GC(14) Age table with threshold 6 (max threshold 15)
[2024-08-17T02:04:10.343+0000][165][trace][gc,age      ] GC(14) - age   1:    4632920 bytes,    4632920 total
[2024-08-17T02:04:10.343+0000][165][trace][gc,age      ] GC(14) - age   2:    4249568 bytes,    8882488 total
[2024-08-17T02:04:10.343+0000][165][trace][gc,age      ] GC(14) - age   3:    1455816 bytes,   10338304 total
[2024-08-17T02:04:10.343+0000][165][trace][gc,age      ] GC(14) - age   4:    2490312 bytes,   12828616 total
[2024-08-17T02:04:10.343+0000][165][trace][gc,age      ] GC(14) - age   5:    5545248 bytes,   18373864 total
[2024-08-17T02:04:10.343+0000][165][trace][gc,age      ] GC(14) - age   6:    2179896 bytes,   20553760 total
[2024-08-17T02:04:10.343+0000][165][info ][gc,heap     ] GC(14) Eden regions: 44->0(70)
[2024-08-17T02:04:10.343+0000][165][info ][gc,heap     ] GC(14) Survivor regions: 6->6(10)
[2024-08-17T02:04:10.343+0000][165][info ][gc,heap     ] GC(14) Old regions: 4->5
[2024-08-17T02:04:10.343+0000][165][info ][gc,heap     ] GC(14) Humongous regions: 0->0
[2024-08-17T02:04:10.343+0000][165][info ][gc,metaspace] GC(14) Metaspace: 58584K(59840K)->58584K(59840K) NonClass: 51331K(52032K)->51331K(52032K) Class: 7252K(7808K)->7252K(7808K)
[2024-08-17T02:04:10.343+0000][165][info ][gc          ] GC(14) Pause Young (Concurrent Start) (Metadata GC Threshold) 210M->41M(512M) 17.800ms
[2024-08-17T02:04:10.343+0000][165][info ][gc,cpu      ] GC(14) User=0.03s Sys=0.00s Real=0.02s
[2024-08-17T02:04:10.343+0000][165][info ][safepoint   ] Safepoint "CollectForMetadataAllocation", Time since last: 905624300 ns, Reaching safepoint: 2523 ns, Cleanup: 28775 ns, At safepoint: 17958591 ns, Total: 17989889 ns
[2024-08-17T02:04:10.343+0000][165][info ][gc          ] GC(15) Concurrent Mark Cycle
[2024-08-17T02:04:10.352+0000][165][info ][gc,marking  ] GC(15) Concurrent Scan Root Regions
[2024-08-17T02:04:10.360+0000][165][info ][gc,marking  ] GC(15) Concurrent Scan Root Regions 7.960ms
[2024-08-17T02:04:10.360+0000][165][info ][gc,marking  ] GC(15) Concurrent Mark
[2024-08-17T02:04:10.360+0000][165][info ][gc,marking  ] GC(15) Concurrent Mark From Roots
[2024-08-17T02:04:10.360+0000][165][info ][gc,task     ] GC(15) Using 1 workers of 1 for marking
[2024-08-17T02:04:10.378+0000][165][info ][gc,marking  ] GC(15) Concurrent Mark From Roots 18.140ms
[2024-08-17T02:04:10.378+0000][165][info ][gc,marking  ] GC(15) Concurrent Preclean
[2024-08-17T02:04:10.378+0000][165][info ][gc,marking  ] GC(15) Concurrent Preclean 0.077ms
[2024-08-17T02:04:10.378+0000][165][info ][gc,start    ] GC(15) Pause Remark
[2024-08-17T02:04:10.385+0000][165][info ][gc          ] GC(15) Pause Remark 43M->43M(512M) 6.933ms
[2024-08-17T02:04:10.385+0000][165][info ][gc,cpu      ] GC(15) User=0.01s Sys=0.00s Real=0.01s
[2024-08-17T02:04:10.385+0000][165][info ][safepoint   ] Safepoint "G1PauseRemark", Time since last: 34461968 ns, Reaching safepoint: 2830 ns, Cleanup: 6862 ns, At safepoint: 7054688 ns, Total: 7064380 ns
[2024-08-17T02:04:10.386+0000][165][info ][gc,marking  ] GC(15) Concurrent Mark 26.384ms
[2024-08-17T02:04:10.386+0000][165][info ][gc,marking  ] GC(15) Concurrent Rebuild Remembered Sets and Scrub Regions
[2024-08-17T02:04:10.400+0000][165][info ][gc,marking  ] GC(15) Concurrent Rebuild Remembered Sets and Scrub Regions 13.790ms
[2024-08-17T02:04:10.400+0000][165][info ][gc,start    ] GC(15) Pause Cleanup
[2024-08-17T02:04:10.400+0000][165][info ][gc          ] GC(15) Pause Cleanup 43M->43M(512M) 0.058ms
[2024-08-17T02:04:10.400+0000][165][info ][gc,cpu      ] GC(15) User=0.00s Sys=0.00s Real=0.00s
[2024-08-17T02:04:10.400+0000][165][info ][safepoint   ] Safepoint "G1PauseCleanup", Time since last: 14897104 ns, Reaching safepoint: 2214 ns, Cleanup: 8193 ns, At safepoint: 149884 ns, Total: 160291 ns
[2024-08-17T02:04:10.400+0000][165][info ][gc,marking  ] GC(15) Concurrent Clear Claimed Marks
[2024-08-17T02:04:10.400+0000][165][info ][gc,marking  ] GC(15) Concurrent Clear Claimed Marks 0.085ms
[2024-08-17T02:04:10.400+0000][165][info ][gc,marking  ] GC(15) Concurrent Cleanup for Next Mark
[2024-08-17T02:04:10.401+0000][165][info ][gc,marking  ] GC(15) Concurrent Cleanup for Next Mark 1.225ms
[2024-08-17T02:04:10.401+0000][165][info ][gc          ] GC(15) Concurrent Mark Cycle 58.063ms
[2024-08-17T02:04:11.759+0000][165][info ][safepoint   ] Safepoint "Cleanup", Time since last: 1358769028 ns, Reaching safepoint: 98823 ns, Cleanup: 120025 ns, At safepoint: 4833 ns, Total: 223681 ns
[2024-08-17T02:04:12.274+0000][165][info ][gc,start    ] GC(16) Pause Young (Normal) (G1 Evacuation Pause)
[2024-08-17T02:04:12.276+0000][165][info ][gc,task     ] GC(16) Using 2 workers of 2 for evacuation
[2024-08-17T02:04:12.276+0000][165][debug][gc,age      ] GC(16) Desired survivor size 20971520 bytes, new threshold 15 (max threshold 15)
[2024-08-17T02:04:12.306+0000][165][info ][gc,phases   ] GC(16)   Pre Evacuate Collection Set: 3.4ms
[2024-08-17T02:04:12.306+0000][165][info ][gc,phases   ] GC(16)   Merge Heap Roots: 0.1ms
[2024-08-17T02:04:12.306+0000][165][info ][gc,phases   ] GC(16)   Evacuate Collection Set: 25.0ms
[2024-08-17T02:04:12.306+0000][165][info ][gc,phases   ] GC(16)   Post Evacuate Collection Set: 1.2ms
[2024-08-17T02:04:12.306+0000][165][info ][gc,phases   ] GC(16)   Other: 0.1ms
[2024-08-17T02:04:12.306+0000][165][trace][gc,age      ] GC(16) Age table with threshold 15 (max threshold 15)
[2024-08-17T02:04:12.306+0000][165][trace][gc,age      ] GC(16) - age   1:   15601776 bytes,   15601776 total
[2024-08-17T02:04:12.306+0000][165][trace][gc,age      ] GC(16) - age   2:    4319376 bytes,   19921152 total
[2024-08-17T02:04:12.306+0000][165][trace][gc,age      ] GC(16) - age   3:    4242976 bytes,   24164128 total
[2024-08-17T02:04:12.306+0000][165][trace][gc,age      ] GC(16) - age   4:    1453504 bytes,   25617632 total
[2024-08-17T02:04:12.306+0000][165][trace][gc,age      ] GC(16) - age   5:    2490024 bytes,   28107656 total
[2024-08-17T02:04:12.306+0000][165][trace][gc,age      ] GC(16) - age   6:    5543128 bytes,   33650784 total
[2024-08-17T02:04:12.306+0000][165][trace][gc,age      ] GC(16) - age   7:    2177344 bytes,   35828128 total
[2024-08-17T02:04:12.306+0000][165][info ][gc,heap     ] GC(16) Eden regions: 70->0(67)
[2024-08-17T02:04:12.306+0000][165][info ][gc,heap     ] GC(16) Survivor regions: 6->9(10)
[2024-08-17T02:04:12.306+0000][165][info ][gc,heap     ] GC(16) Old regions: 5->5
[2024-08-17T02:04:12.306+0000][165][info ][gc,heap     ] GC(16) Humongous regions: 0->0
[2024-08-17T02:04:12.306+0000][165][info ][gc,metaspace] GC(16) Metaspace: 66406K(68032K)->66406K(68032K) NonClass: 57877K(58816K)->57877K(58816K) Class: 8528K(9216K)->8528K(9216K)
[2024-08-17T02:04:12.306+0000][165][info ][gc          ] GC(16) Pause Young (Normal) (G1 Evacuation Pause) 321M->55M(512M) 31.852ms
[2024-08-17T02:04:12.306+0000][165][info ][gc,cpu      ] GC(16) User=0.05s Sys=0.00s Real=0.03s
[2024-08-17T02:04:12.306+0000][165][info ][safepoint   ] Safepoint "G1CollectForAllocation", Time since last: 515098027 ns, Reaching safepoint: 3632 ns, Cleanup: 45764 ns, At safepoint: 31888477 ns, Total: 31937873 ns
[2024-08-17T02:04:13.331+0000][165][info ][gc,start    ] GC(17) Pause Young (Normal) (G1 Evacuation Pause)
[2024-08-17T02:04:13.331+0000][165][info ][gc,task     ] GC(17) Using 2 workers of 2 for evacuation
[2024-08-17T02:04:13.331+0000][165][debug][gc,age      ] GC(17) Desired survivor size 20971520 bytes, new threshold 3 (max threshold 15)
[2024-08-17T02:04:13.559+0000][165][info ][gc,mmu      ] GC(17) MMU target violated: 201.0ms (200.0ms/201.0ms)
[2024-08-17T02:04:13.559+0000][165][info ][gc,phases   ] GC(17)   Pre Evacuate Collection Set: 0.3ms
[2024-08-17T02:04:13.559+0000][165][info ][gc,phases   ] GC(17)   Merge Heap Roots: 0.4ms
[2024-08-17T02:04:13.559+0000][165][info ][gc,phases   ] GC(17)   Evacuate Collection Set: 225.0ms
[2024-08-17T02:04:13.559+0000][165][info ][gc,phases   ] GC(17)   Post Evacuate Collection Set: 2.5ms
[2024-08-17T02:04:13.559+0000][165][info ][gc,phases   ] GC(17)   Other: 0.1ms
[2024-08-17T02:04:13.559+0000][165][trace][gc,age      ] GC(17) Age table with threshold 3 (max threshold 15)
[2024-08-17T02:04:13.559+0000][165][trace][gc,age      ] GC(17) - age   1:    3237344 bytes,    3237344 total
[2024-08-17T02:04:13.559+0000][165][trace][gc,age      ] GC(17) - age   2:   15472480 bytes,   18709824 total
[2024-08-17T02:04:13.559+0000][165][trace][gc,age      ] GC(17) - age   3:    4299048 bytes,   23008872 total
[2024-08-17T02:04:13.559+0000][165][info ][gc,heap     ] GC(17) Eden regions: 67->0(70)
[2024-08-17T02:04:13.559+0000][165][info ][gc,heap     ] GC(17) Survivor regions: 9->6(10)
[2024-08-17T02:04:13.559+0000][165][info ][gc,heap     ] GC(17) Old regions: 5->9
[2024-08-17T02:04:13.559+0000][165][info ][gc,heap     ] GC(17) Humongous regions: 0->0
[2024-08-17T02:04:13.559+0000][165][info ][gc,metaspace] GC(17) Metaspace: 69345K(70976K)->69345K(70976K) NonClass: 60423K(61376K)->60423K(61376K) Class: 8922K(9600K)->8922K(9600K)
[2024-08-17T02:04:13.559+0000][165][info ][gc          ] GC(17) Pause Young (Normal) (G1 Evacuation Pause) 323M->59M(512M) 228.422ms
[2024-08-17T02:04:13.559+0000][165][info ][gc,cpu      ] GC(17) User=0.20s Sys=0.01s Real=0.22s
[2024-08-17T02:04:13.559+0000][165][info ][safepoint   ] Safepoint "G1CollectForAllocation", Time since last: 1024779303 ns, Reaching safepoint: 3861 ns, Cleanup: 94916 ns, At safepoint: 228457712 ns, Total: 228556489 ns
[2024-08-17T02:04:14.622+0000][165][info ][safepoint   ] Safepoint "ICBufferFull", Time since last: 1062698350 ns, Reaching safepoint: 3181 ns, Cleanup: 117010 ns, At safepoint: 1670 ns, Total: 121861 ns
[2024-08-17T02:04:16.029+0000][165][info ][safepoint   ] Safepoint "Cleanup", Time since last: 1406503068 ns, Reaching safepoint: 71576 ns, Cleanup: 77655 ns, At safepoint: 2753 ns, Total: 151984 ns
[2024-08-17T02:04:16.211+0000][165][info ][gc,start    ] GC(18) Pause Young (Normal) (G1 Evacuation Pause)
[2024-08-17T02:04:16.211+0000][165][info ][gc,task     ] GC(18) Using 2 workers of 2 for evacuation
[2024-08-17T02:04:16.211+0000][165][debug][gc,age      ] GC(18) Desired survivor size 20971520 bytes, new threshold 3 (max threshold 15)
[2024-08-17T02:04:16.424+0000][165][info ][gc,mmu      ] GC(18) MMU target violated: 201.0ms (200.0ms/201.0ms)
[2024-08-17T02:04:16.424+0000][165][info ][gc,phases   ] GC(18)   Pre Evacuate Collection Set: 0.0ms
[2024-08-17T02:04:16.424+0000][165][info ][gc,phases   ] GC(18)   Merge Heap Roots: 0.0ms
[2024-08-17T02:04:16.424+0000][165][info ][gc,phases   ] GC(18)   Evacuate Collection Set: 211.8ms
[2024-08-17T02:04:16.424+0000][165][info ][gc,phases   ] GC(18)   Post Evacuate Collection Set: 1.2ms
[2024-08-17T02:04:16.424+0000][165][info ][gc,phases   ] GC(18)   Other: 0.3ms
[2024-08-17T02:04:16.424+0000][165][trace][gc,age      ] GC(18) Age table with threshold 3 (max threshold 15)
[2024-08-17T02:04:16.424+0000][165][trace][gc,age      ] GC(18) - age   1:    7253712 bytes,    7253712 total
[2024-08-17T02:04:16.424+0000][165][trace][gc,age      ] GC(18) - age   2:    3194632 bytes,   10448344 total
[2024-08-17T02:04:16.424+0000][165][trace][gc,age      ] GC(18) - age   3:   15462096 bytes,   25910440 total
[2024-08-17T02:04:16.424+0000][165][info ][gc,heap     ] GC(18) Eden regions: 70->0(62)
[2024-08-17T02:04:16.424+0000][165][info ][gc,heap     ] GC(18) Survivor regions: 6->7(10)
[2024-08-17T02:04:16.424+0000][165][info ][gc,heap     ] GC(18) Old regions: 9->10
[2024-08-17T02:04:16.424+0000][165][info ][gc,heap     ] GC(18) Humongous regions: 0->0
[2024-08-17T02:04:16.424+0000][165][info ][gc,metaspace] GC(18) Metaspace: 83178K(84864K)->83178K(84864K) NonClass: 72409K(73408K)->72409K(73408K) Class: 10768K(11456K)->10768K(11456K)
[2024-08-17T02:04:16.425+0000][165][info ][gc          ] GC(18) Pause Young (Normal) (G1 Evacuation Pause) 339M->66M(512M) 213.665ms
[2024-08-17T02:04:16.425+0000][165][info ][gc,cpu      ] GC(18) User=0.20s Sys=0.00s Real=0.21s
[2024-08-17T02:04:16.425+0000][165][info ][safepoint   ] Safepoint "G1CollectForAllocation", Time since last: 181911515 ns, Reaching safepoint: 4427 ns, Cleanup: 26117 ns, At safepoint: 213715012 ns, Total: 213745556 ns
[2024-08-17T02:04:17.651+0000][165][info ][safepoint   ] Safepoint "Cleanup", Time since last: 1226587536 ns, Reaching safepoint: 3942 ns, Cleanup: 67822 ns, At safepoint: 5109 ns, Total: 76873 ns
[2024-08-17T02:04:18.576+0000][165][info ][gc,start    ] GC(19) Pause Young (Concurrent Start) (Metadata GC Threshold)
[2024-08-17T02:04:18.576+0000][165][info ][gc,task     ] GC(19) Using 2 workers of 2 for evacuation
[2024-08-17T02:04:18.576+0000][165][debug][gc,age      ] GC(19) Desired survivor size 16777216 bytes, new threshold 3 (max threshold 15)
[2024-08-17T02:04:18.698+0000][165][info ][gc,phases   ] GC(19)   Pre Evacuate Collection Set: 0.1ms
[2024-08-17T02:04:18.698+0000][165][info ][gc,phases   ] GC(19)   Merge Heap Roots: 0.1ms
[2024-08-17T02:04:18.698+0000][165][info ][gc,phases   ] GC(19)   Evacuate Collection Set: 119.0ms
[2024-08-17T02:04:18.698+0000][165][info ][gc,phases   ] GC(19)   Post Evacuate Collection Set: 2.5ms
[2024-08-17T02:04:18.698+0000][165][info ][gc,phases   ] GC(19)   Other: 0.1ms
[2024-08-17T02:04:18.698+0000][165][trace][gc,age      ] GC(19) Age table with threshold 3 (max threshold 15)
[2024-08-17T02:04:18.698+0000][165][trace][gc,age      ] GC(19) - age   1:    4064592 bytes,    4064592 total
[2024-08-17T02:04:18.698+0000][165][trace][gc,age      ] GC(19) - age   2:    7065360 bytes,   11129952 total
[2024-08-17T02:04:18.698+0000][165][trace][gc,age      ] GC(19) - age   3:    3174184 bytes,   14304136 total
[2024-08-17T02:04:18.698+0000][165][info ][gc,heap     ] GC(19) Eden regions: 25->0(72)
[2024-08-17T02:04:18.698+0000][165][info ][gc,heap     ] GC(19) Survivor regions: 7->4(8)
[2024-08-17T02:04:18.698+0000][165][info ][gc,heap     ] GC(19) Old regions: 10->14
[2024-08-17T02:04:18.698+0000][165][info ][gc,heap     ] GC(19) Humongous regions: 0->0
[2024-08-17T02:04:18.698+0000][165][info ][gc,metaspace] GC(19) Metaspace: 98275K(100096K)->98275K(100096K) NonClass: 85368K(86400K)->85368K(86400K) Class: 12907K(13696K)->12907K(13696K)
[2024-08-17T02:04:18.699+0000][165][info ][gc          ] GC(19) Pause Young (Concurrent Start) (Metadata GC Threshold) 166M->72M(512M) 122.466ms
[2024-08-17T02:04:18.699+0000][165][info ][gc          ] GC(20) Concurrent Mark Cycle
[2024-08-17T02:04:18.699+0000][165][info ][gc,marking  ] GC(20) Concurrent Scan Root Regions
[2024-08-17T02:04:18.699+0000][165][info ][gc,cpu      ] GC(19) User=0.07s Sys=0.01s Real=0.12s
[2024-08-17T02:04:18.699+0000][165][info ][safepoint   ] Safepoint "CollectForMetadataAllocation", Time since last: 924896459 ns, Reaching safepoint: 4226 ns, Cleanup: 25609 ns, At safepoint: 122914390 ns, Total: 122944225 ns
[2024-08-17T02:04:18.763+0000][165][info ][gc,marking  ] GC(20) Concurrent Scan Root Regions 63.742ms
[2024-08-17T02:04:18.763+0000][165][info ][gc,marking  ] GC(20) Concurrent Mark
[2024-08-17T02:04:18.763+0000][165][info ][gc,marking  ] GC(20) Concurrent Mark From Roots
[2024-08-17T02:04:18.763+0000][165][info ][gc,task     ] GC(20) Using 1 workers of 1 for marking
[2024-08-17T02:04:18.789+0000][165][info ][safepoint   ] Safepoint "CollectForMetadataAllocation", Time since last: 90267572 ns, Reaching safepoint: 21677 ns, Cleanup: 13249 ns, At safepoint: 52169 ns, Total: 87095 ns
[2024-08-17T02:04:18.841+0000][165][info ][gc,marking  ] GC(20) Concurrent Mark From Roots 78.410ms
[2024-08-17T02:04:18.841+0000][165][info ][gc,marking  ] GC(20) Concurrent Preclean
[2024-08-17T02:04:18.841+0000][165][info ][gc,marking  ] GC(20) Concurrent Preclean 0.190ms
[2024-08-17T02:04:18.841+0000][165][info ][gc,start    ] GC(20) Pause Remark
[2024-08-17T02:04:18.855+0000][165][info ][gc          ] GC(20) Pause Remark 76M->76M(512M) 13.445ms
[2024-08-17T02:04:18.855+0000][165][info ][gc,cpu      ] GC(20) User=0.02s Sys=0.00s Real=0.01s
[2024-08-17T02:04:18.855+0000][165][info ][safepoint   ] Safepoint "G1PauseRemark", Time since last: 51983106 ns, Reaching safepoint: 4161 ns, Cleanup: 9401 ns, At safepoint: 13644986 ns, Total: 13658548 ns
[2024-08-17T02:04:18.855+0000][165][info ][gc,marking  ] GC(20) Concurrent Mark 92.471ms
[2024-08-17T02:04:18.855+0000][165][info ][gc,marking  ] GC(20) Concurrent Rebuild Remembered Sets and Scrub Regions
[2024-08-17T02:04:18.894+0000][165][info ][gc,marking  ] GC(20) Concurrent Rebuild Remembered Sets and Scrub Regions 38.544ms
[2024-08-17T02:04:18.900+0000][165][info ][gc,start    ] GC(20) Pause Cleanup
[2024-08-17T02:04:18.900+0000][165][info ][gc          ] GC(20) Pause Cleanup 76M->76M(512M) 0.177ms
[2024-08-17T02:04:18.900+0000][165][info ][gc,cpu      ] GC(20) User=0.00s Sys=0.00s Real=0.01s
[2024-08-17T02:04:18.900+0000][165][info ][safepoint   ] Safepoint "G1PauseCleanup", Time since last: 38748662 ns, Reaching safepoint: 6357658 ns, Cleanup: 22939 ns, At safepoint: 264809 ns, Total: 6645406 ns
[2024-08-17T02:04:18.901+0000][165][info ][gc,marking  ] GC(20) Concurrent Clear Claimed Marks
[2024-08-17T02:04:18.901+0000][165][info ][gc,marking  ] GC(20) Concurrent Clear Claimed Marks 0.159ms
[2024-08-17T02:04:18.901+0000][165][info ][gc,marking  ] GC(20) Concurrent Cleanup for Next Mark
[2024-08-17T02:04:18.902+0000][165][info ][gc,marking  ] GC(20) Concurrent Cleanup for Next Mark 0.919ms
[2024-08-17T02:04:18.902+0000][165][info ][gc          ] GC(20) Concurrent Mark Cycle 202.976ms
[2024-08-17T02:04:19.797+0000][165][info ][safepoint   ] Safepoint "ICBufferFull", Time since last: 896851189 ns, Reaching safepoint: 3255 ns, Cleanup: 95074 ns, At safepoint: 1866 ns, Total: 100195 ns
[2024-08-17T02:04:20.798+0000][165][info ][safepoint   ] Safepoint "Cleanup", Time since last: 1000780418 ns, Reaching safepoint: 89849 ns, Cleanup: 79796 ns, At safepoint: 3197 ns, Total: 172842 ns
[2024-08-17T02:04:21.815+0000][165][info ][safepoint   ] Safepoint "ICBufferFull", Time since last: 1013276339 ns, Reaching safepoint: 3147128 ns, Cleanup: 100080 ns, At safepoint: 7905 ns, Total: 3255113 ns
[2024-08-17T02:04:22.178+0000][165][info ][gc,start    ] GC(21) Pause Young (Prepare Mixed) (G1 Evacuation Pause)
[2024-08-17T02:04:22.178+0000][165][info ][gc,task     ] GC(21) Using 2 workers of 2 for evacuation
[2024-08-17T02:04:22.178+0000][165][debug][gc,age      ] GC(21) Desired survivor size 20971520 bytes, new threshold 15 (max threshold 15)
[2024-08-17T02:04:22.357+0000][165][info ][gc,phases   ] GC(21)   Pre Evacuate Collection Set: 0.2ms
[2024-08-17T02:04:22.357+0000][165][info ][gc,phases   ] GC(21)   Merge Heap Roots: 0.1ms
[2024-08-17T02:04:22.357+0000][165][info ][gc,phases   ] GC(21)   Evacuate Collection Set: 174.3ms
[2024-08-17T02:04:22.357+0000][165][info ][gc,phases   ] GC(21)   Post Evacuate Collection Set: 3.5ms
[2024-08-17T02:04:22.357+0000][165][info ][gc,phases   ] GC(21)   Other: 0.1ms
[2024-08-17T02:04:22.357+0000][165][trace][gc,age      ] GC(21) Age table with threshold 15 (max threshold 15)
[2024-08-17T02:04:22.357+0000][165][trace][gc,age      ] GC(21) - age   1:   27908216 bytes,   27908216 total
[2024-08-17T02:04:22.357+0000][165][trace][gc,age      ] GC(21) - age   2:    3829728 bytes,   31737944 total
[2024-08-17T02:04:22.357+0000][165][trace][gc,age      ] GC(21) - age   3:    7034632 bytes,   38772576 total
[2024-08-17T02:04:22.357+0000][165][trace][gc,age      ] GC(21) - age   4:    3166696 bytes,   41939272 total
[2024-08-17T02:04:22.357+0000][165][info ][gc,heap     ] GC(21) Eden regions: 72->0(1)
[2024-08-17T02:04:22.357+0000][165][info ][gc,heap     ] GC(21) Survivor regions: 4->10(10)
[2024-08-17T02:04:22.357+0000][165][info ][gc,heap     ] GC(21) Old regions: 14->17
[2024-08-17T02:04:22.357+0000][165][info ][gc,heap     ] GC(21) Humongous regions: 0->0
[2024-08-17T02:04:22.357+0000][165][info ][gc,metaspace] GC(21) Metaspace: 126264K(129856K)->126264K(129856K) NonClass: 108852K(110720K)->108852K(110720K) Class: 17412K(19136K)->17412K(19136K)
[2024-08-17T02:04:22.357+0000][165][info ][gc          ] GC(21) Pause Young (Prepare Mixed) (G1 Evacuation Pause) 360M->106M(512M) 178.308ms
[2024-08-17T02:04:22.357+0000][165][info ][gc,cpu      ] GC(21) User=0.10s Sys=0.01s Real=0.18s
[2024-08-17T02:04:22.357+0000][165][info ][safepoint   ] Safepoint "G1CollectForAllocation", Time since last: 363276274 ns, Reaching safepoint: 112901 ns, Cleanup: 60783 ns, At safepoint: 178365437 ns, Total: 178539121 ns
[2024-08-17T02:04:22.371+0000][165][info ][gc,start    ] GC(22) Pause Young (Mixed) (G1 Evacuation Pause)
[2024-08-17T02:04:22.371+0000][165][info ][gc,task     ] GC(22) Using 2 workers of 2 for evacuation
[2024-08-17T02:04:22.371+0000][165][debug][gc,age      ] GC(22) Desired survivor size 4194304 bytes, new threshold 1 (max threshold 15)
[2024-08-17T02:04:22.671+0000][165][info ][gc,mmu      ] GC(22) MMU target violated: 201.0ms (200.0ms/201.0ms)
[2024-08-17T02:04:22.671+0000][165][info ][gc,phases   ] GC(22)   Pre Evacuate Collection Set: 0.2ms
[2024-08-17T02:04:22.671+0000][165][info ][gc,phases   ] GC(22)   Merge Heap Roots: 0.4ms
[2024-08-17T02:04:22.671+0000][165][info ][gc,phases   ] GC(22)   Evacuate Collection Set: 296.8ms
[2024-08-17T02:04:22.671+0000][165][info ][gc,phases   ] GC(22)   Post Evacuate Collection Set: 1.7ms
[2024-08-17T02:04:22.671+0000][165][info ][gc,phases   ] GC(22)   Other: 0.8ms
[2024-08-17T02:04:22.671+0000][165][trace][gc,age      ] GC(22) Age table with threshold 1 (max threshold 15)
[2024-08-17T02:04:22.671+0000][165][trace][gc,age      ] GC(22) - age   1:    1372936 bytes,    1372936 total
[2024-08-17T02:04:22.671+0000][165][info ][gc,heap     ] GC(22) Eden regions: 1->0(75)
[2024-08-17T02:04:22.671+0000][165][info ][gc,heap     ] GC(22) Survivor regions: 10->1(2)
[2024-08-17T02:04:22.671+0000][165][info ][gc,heap     ] GC(22) Old regions: 17->27
[2024-08-17T02:04:22.671+0000][165][info ][gc,heap     ] GC(22) Humongous regions: 0->0
[2024-08-17T02:04:22.671+0000][165][info ][gc,metaspace] GC(22) Metaspace: 126264K(129856K)->126264K(129856K) NonClass: 108852K(110720K)->108852K(110720K) Class: 17412K(19136K)->17412K(19136K)
[2024-08-17T02:04:22.671+0000][165][info ][gc          ] GC(22) Pause Young (Mixed) (G1 Evacuation Pause) 110M->112M(512M) 300.344ms
[2024-08-17T02:04:22.671+0000][165][info ][gc,cpu      ] GC(22) User=0.06s Sys=0.06s Real=0.30s
[2024-08-17T02:04:22.671+0000][165][info ][safepoint   ] Safepoint "G1CollectForAllocation", Time since last: 10202912 ns, Reaching safepoint: 3843072 ns, Cleanup: 4079 ns, At safepoint: 300451078 ns, Total: 304298229 ns
[2024-08-17T02:04:22.999+0000][165][info ][safepoint   ] Safepoint "ICBufferFull", Time since last: 327307363 ns, Reaching safepoint: 7960 ns, Cleanup: 104088 ns, At safepoint: 2330 ns, Total: 114378 ns
[2024-08-17T02:04:23.289+0000][165][info ][safepoint   ] Safepoint "ICBufferFull", Time since last: 289827266 ns, Reaching safepoint: 8096 ns, Cleanup: 91517 ns, At safepoint: 2327 ns, Total: 101940 ns
[2024-08-17T02:04:23.573+0000][165][info ][safepoint   ] Safepoint "ICBufferFull", Time since last: 283963626 ns, Reaching safepoint: 6193 ns, Cleanup: 104495 ns, At safepoint: 2596 ns, Total: 113284 ns
[2024-08-17T02:04:24.112+0000][165][info ][safepoint   ] Safepoint "ICBufferFull", Time since last: 538643460 ns, Reaching safepoint: 250374 ns, Cleanup: 139153 ns, At safepoint: 71099 ns, Total: 460626 ns
[2024-08-17T02:04:24.594+0000][165][info ][safepoint   ] Safepoint "ICBufferFull", Time since last: 482564797 ns, Reaching safepoint: 4899 ns, Cleanup: 84590 ns, At safepoint: 1745 ns, Total: 91234 ns
[2024-08-17T02:04:25.155+0000][165][info ][safepoint   ] Safepoint "ICBufferFull", Time since last: 560351824 ns, Reaching safepoint: 4945 ns, Cleanup: 77918 ns, At safepoint: 1714 ns, Total: 84577 ns
[2024-08-17T02:04:25.758+0000][165][info ][safepoint   ] Safepoint "ICBufferFull", Time since last: 602896991 ns, Reaching safepoint: 6112 ns, Cleanup: 85967 ns, At safepoint: 1788 ns, Total: 93867 ns
[2024-08-17T02:04:26.758+0000][165][info ][safepoint   ] Safepoint "Cleanup", Time since last: 1000301143 ns, Reaching safepoint: 8591 ns, Cleanup: 24657 ns, At safepoint: 3740 ns, Total: 36988 ns
[2024-08-17T02:04:27.759+0000][165][info ][safepoint   ] Safepoint "Cleanup", Time since last: 1000419755 ns, Reaching safepoint: 8377 ns, Cleanup: 17942 ns, At safepoint: 3242 ns, Total: 29561 ns
[2024-08-17T02:04:29.759+0000][165][info ][safepoint   ] Safepoint "Cleanup", Time since last: 2000310904 ns, Reaching safepoint: 6232 ns, Cleanup: 13869 ns, At safepoint: 2697 ns, Total: 22798 ns
[2024-08-17T02:04:31.759+0000][165][info ][safepoint   ] Safepoint "Cleanup", Time since last: 2000306496 ns, Reaching safepoint: 7952 ns, Cleanup: 15866 ns, At safepoint: 2748 ns, Total: 26566 ns
[2024-08-17T02:04:35.233+0000][165][info ][safepoint   ] Safepoint "Cleanup", Time since last: 3479972319 ns, Reaching safepoint: 3391 ns, Cleanup: 662394 ns, At safepoint: 9923 ns, Total: 675708 ns
[2024-08-17T02:04:36.270+0000][165][info ][safepoint   ] Safepoint "Cleanup", Time since last: 1000607256 ns, Reaching safepoint: 36096473 ns, Cleanup: 111270 ns, At safepoint: 16869 ns, Total: 36224612 ns
[2024-08-17T02:04:38.274+0000][165][info ][safepoint   ] Safepoint "Cleanup", Time since last: 2003721816 ns, Reaching safepoint: 12520 ns, Cleanup: 21731 ns, At safepoint: 5003 ns, Total: 39254 ns
[2024-08-17T02:04:39.275+0000][165][info ][safepoint   ] Safepoint "Cleanup", Time since last: 1000699609 ns, Reaching safepoint: 20563 ns, Cleanup: 36534 ns, At safepoint: 7101 ns, Total: 64198 ns
[2024-08-17T02:04:40.275+0000][165][info ][safepoint   ] Safepoint "Cleanup", Time since last: 1000369566 ns, Reaching safepoint: 6852 ns, Cleanup: 11936 ns, At safepoint: 2588 ns, Total: 21376 ns
[2024-08-17T02:04:41.275+0000][165][info ][safepoint   ] Safepoint "Cleanup", Time since last: 1000317589 ns, Reaching safepoint: 12784 ns, Cleanup: 24508 ns, At safepoint: 5044 ns, Total: 42336 ns
[2024-08-17T02:04:44.277+0000][165][info ][safepoint   ] Safepoint "Cleanup", Time since last: 3001132575 ns, Reaching safepoint: 12553 ns, Cleanup: 23905 ns, At safepoint: 4536 ns, Total: 40994 ns
[2024-08-17T02:04:45.277+0000][165][info ][safepoint   ] Safepoint "Cleanup", Time since last: 1000222219 ns, Reaching safepoint: 34966 ns, Cleanup: 25707 ns, At safepoint: 6082 ns, Total: 66755 ns
[2024-08-17T02:04:47.278+0000][165][info ][safepoint   ] Safepoint "Cleanup", Time since last: 2000851735 ns, Reaching safepoint: 28249 ns, Cleanup: 56989 ns, At safepoint: 15500 ns, Total: 100738 ns
[2024-08-17T02:04:49.279+0000][165][info ][safepoint   ] Safepoint "Cleanup", Time since last: 2000760734 ns, Reaching safepoint: 6550 ns, Cleanup: 11362 ns, At safepoint: 2433 ns, Total: 20345 ns
[2024-08-17T02:04:50.279+0000][165][info ][safepoint   ] Safepoint "Cleanup", Time since last: 1000297492 ns, Reaching safepoint: 11725 ns, Cleanup: 19869 ns, At safepoint: 4727 ns, Total: 36321 ns
[2024-08-17T02:04:51.279+0000][165][info ][safepoint   ] Safepoint "Cleanup", Time since last: 1000387218 ns, Reaching safepoint: 11094 ns, Cleanup: 17892 ns, At safepoint: 4493 ns, Total: 33479 ns
[2024-08-17T02:04:52.280+0000][165][info ][safepoint   ] Safepoint "Cleanup", Time since last: 1000175748 ns, Reaching safepoint: 6605 ns, Cleanup: 25147 ns, At safepoint: 2293 ns, Total: 34045 ns
[2024-08-17T02:04:53.280+0000][165][info ][safepoint   ] Safepoint "Cleanup", Time since last: 1000111353 ns, Reaching safepoint: 6478 ns, Cleanup: 13409 ns, At safepoint: 2331 ns, Total: 22218 ns
[2024-08-17T02:04:54.280+0000][165][info ][safepoint   ] Safepoint "Cleanup", Time since last: 1000532551 ns, Reaching safepoint: 28607 ns, Cleanup: 49680 ns, At safepoint: 12373 ns, Total: 90660 ns
[2024-08-17T02:04:55.281+0000][165][info ][safepoint   ] Safepoint "Cleanup", Time since last: 1000621564 ns, Reaching safepoint: 7631 ns, Cleanup: 11962 ns, At safepoint: 2602 ns, Total: 22195 ns
[2024-08-17T02:04:56.281+0000][165][info ][safepoint   ] Safepoint "Cleanup", Time since last: 1000380833 ns, Reaching safepoint: 23777 ns, Cleanup: 41019 ns, At safepoint: 8914 ns, Total: 73710 ns
[2024-08-17T02:04:58.283+0000][165][info ][safepoint   ] Safepoint "Cleanup", Time since last: 2001057372 ns, Reaching safepoint: 12625 ns, Cleanup: 21251 ns, At safepoint: 5399 ns, Total: 39275 ns
[2024-08-17T02:05:01.013+0000][165][info ][safepoint   ] Safepoint "Cleanup", Time since last: 2730692902 ns, Reaching safepoint: 62548 ns, Cleanup: 86201 ns, At safepoint: 7260 ns, Total: 156009 ns
[2024-08-17T02:05:03.015+0000][165][info ][safepoint   ] Safepoint "Cleanup", Time since last: 2001231299 ns, Reaching safepoint: 16365 ns, Cleanup: 29046 ns, At safepoint: 5790 ns, Total: 51201 ns
[2024-08-17T02:05:06.012+0000][165][info ][safepoint   ] Safepoint "Cleanup", Time since last: 3001463060 ns, Reaching safepoint: 17769 ns, Cleanup: 60556 ns, At safepoint: 6655 ns, Total: 84980 ns
[2024-08-17T02:05:08.013+0000][165][info ][safepoint   ] Safepoint "Cleanup", Time since last: 2000967766 ns, Reaching safepoint: 45419 ns, Cleanup: 20024 ns, At safepoint: 4694 ns, Total: 70137 ns
[2024-08-17T02:05:11.014+0000][165][info ][safepoint   ] Safepoint "Cleanup", Time since last: 3000711068 ns, Reaching safepoint: 7403 ns, Cleanup: 9786 ns, At safepoint: 2275 ns, Total: 19464 ns
[2024-08-17T02:05:12.014+0000][165][info ][safepoint   ] Safepoint "Cleanup", Time since last: 1000161730 ns, Reaching safepoint: 13373 ns, Cleanup: 23548 ns, At safepoint: 4153 ns, Total: 41074 ns
[2024-08-17T02:05:16.016+0000][165][info ][safepoint   ] Safepoint "Cleanup", Time since last: 4001407580 ns, Reaching safepoint: 8520 ns, Cleanup: 14995 ns, At safepoint: 3143 ns, Total: 26658 ns
[2024-08-17T02:05:20.017+0000][165][info ][safepoint   ] Safepoint "Cleanup", Time since last: 4001012050 ns, Reaching safepoint: 12246 ns, Cleanup: 23594 ns, At safepoint: 4726 ns, Total: 40566 ns
[2024-08-17T02:05:21.017+0000][165][info ][safepoint   ] Safepoint "Cleanup", Time since last: 1000297480 ns, Reaching safepoint: 8926 ns, Cleanup: 26447 ns, At safepoint: 3092 ns, Total: 38465 ns
[2024-08-17T02:05:22.018+0000][165][info ][safepoint   ] Safepoint "Cleanup", Time since last: 1000367442 ns, Reaching safepoint: 13881 ns, Cleanup: 32393 ns, At safepoint: 5555 ns, Total: 51829 ns
[2024-08-17T02:05:24.018+0000][165][info ][safepoint   ] Safepoint "Cleanup", Time since last: 2000527802 ns, Reaching safepoint: 12415 ns, Cleanup: 21238 ns, At safepoint: 4676 ns, Total: 38329 ns
[2024-08-17T02:05:27.019+0000][165][info ][safepoint   ] Safepoint "Cleanup", Time since last: 3000937473 ns, Reaching safepoint: 13030 ns, Cleanup: 22246 ns, At safepoint: 5612 ns, Total: 40888 ns
[2024-08-17T02:05:28.020+0000][165][info ][safepoint   ] Safepoint "Cleanup", Time since last: 1000316119 ns, Reaching safepoint: 10125 ns, Cleanup: 22247 ns, At safepoint: 3529 ns, Total: 35901 ns
[2024-08-17T02:05:30.020+0000][165][info ][safepoint   ] Safepoint "Cleanup", Time since last: 2000780413 ns, Reaching safepoint: 10120 ns, Cleanup: 14883 ns, At safepoint: 3366 ns, Total: 28369 ns
[2024-08-17T02:05:31.021+0000][165][info ][safepoint   ] Safepoint "Cleanup", Time since last: 1000170132 ns, Reaching safepoint: 8806 ns, Cleanup: 15884 ns, At safepoint: 3103 ns, Total: 27793 ns
[2024-08-17T02:05:34.020+0000][165][info ][safepoint   ] Safepoint "Cleanup", Time since last: 3003077306 ns, Reaching safepoint: 26159 ns, Cleanup: 15275 ns, At safepoint: 4022 ns, Total: 45456 ns
[2024-08-17T02:05:35.021+0000][165][info ][safepoint   ] Safepoint "Cleanup", Time since last: 1000631905 ns, Reaching safepoint: 8568 ns, Cleanup: 12955 ns, At safepoint: 3004 ns, Total: 24527 ns
[2024-08-17T02:05:36.021+0000][165][info ][safepoint   ] Safepoint "Cleanup", Time since last: 1000202874 ns, Reaching safepoint: 10698 ns, Cleanup: 77974 ns, At safepoint: 5567 ns, Total: 94239 ns
[2024-08-17T02:05:37.022+0000][165][info ][safepoint   ] Safepoint "Cleanup", Time since last: 1000274992 ns, Reaching safepoint: 12821 ns, Cleanup: 22335 ns, At safepoint: 4918 ns, Total: 40074 ns
[2024-08-17T02:05:40.023+0000][165][info ][safepoint   ] Safepoint "Cleanup", Time since last: 3000883381 ns, Reaching safepoint: 56347 ns, Cleanup: 23625 ns, At safepoint: 5316 ns, Total: 85288 ns
[2024-08-17T02:05:41.023+0000][165][info ][safepoint   ] Safepoint "Cleanup", Time since last: 1000583414 ns, Reaching safepoint: 10330 ns, Cleanup: 18697 ns, At safepoint: 25272 ns, Total: 54299 ns
[2024-08-17T02:05:43.024+0000][165][info ][safepoint   ] Safepoint "Cleanup", Time since last: 2000961268 ns, Reaching safepoint: 13619 ns, Cleanup: 22360 ns, At safepoint: 5387 ns, Total: 41366 ns
[2024-08-17T02:05:44.025+0000][165][info ][safepoint   ] Safepoint "Cleanup", Time since last: 1000406949 ns, Reaching safepoint: 11058 ns, Cleanup: 20469 ns, At safepoint: 4634 ns, Total: 36161 ns
[2024-08-17T02:05:45.397+0000][165][info ][safepoint   ] Safepoint "Cleanup", Time since last: 1372179003 ns, Reaching safepoint: 8925 ns, Cleanup: 61607 ns, At safepoint: 3764 ns, Total: 74296 ns
[2024-08-17T02:05:47.205+0000][165][info ][safepoint   ] Safepoint "Cleanup", Time since last: 1807997667 ns, Reaching safepoint: 11617 ns, Cleanup: 56838 ns, At safepoint: 4928 ns, Total: 73383 ns
[2024-08-17T02:05:48.205+0000][165][info ][safepoint   ] Safepoint "Cleanup", Time since last: 1000203529 ns, Reaching safepoint: 6809 ns, Cleanup: 29371 ns, At safepoint: 8843 ns, Total: 45023 ns
[2024-08-17T02:05:50.206+0000][165][info ][safepoint   ] Safepoint "Cleanup", Time since last: 2000753054 ns, Reaching safepoint: 15036 ns, Cleanup: 32186 ns, At safepoint: 5499 ns, Total: 52721 ns
[2024-08-17T02:05:51.206+0000][165][info ][safepoint   ] Safepoint "Cleanup", Time since last: 1000307195 ns, Reaching safepoint: 6862 ns, Cleanup: 11563 ns, At safepoint: 2709 ns, Total: 21134 ns
[2024-08-17T02:05:52.207+0000][165][info ][safepoint   ] Safepoint "Cleanup", Time since last: 1000176122 ns, Reaching safepoint: 10460 ns, Cleanup: 20178 ns, At safepoint: 4333 ns, Total: 34971 ns
[2024-08-17T02:05:57.208+0000][165][info ][safepoint   ] Safepoint "Cleanup", Time since last: 5000937850 ns, Reaching safepoint: 34824 ns, Cleanup: 18661 ns, At safepoint: 4254 ns, Total: 57739 ns
[2024-08-17T02:05:58.208+0000][165][info ][safepoint   ] Safepoint "Cleanup", Time since last: 1000150502 ns, Reaching safepoint: 7085 ns, Cleanup: 13803 ns, At safepoint: 2482 ns, Total: 23370 ns
[2024-08-17T02:06:01.208+0000][165][info ][safepoint   ] Safepoint "Cleanup", Time since last: 3000563868 ns, Reaching safepoint: 11306 ns, Cleanup: 19935 ns, At safepoint: 4348 ns, Total: 35589 ns
[2024-08-17T02:06:02.209+0000][165][info ][safepoint   ] Safepoint "Cleanup", Time since last: 1000439020 ns, Reaching safepoint: 11278 ns, Cleanup: 18311 ns, At safepoint: 4300 ns, Total: 33889 ns
[2024-08-17T02:06:05.208+0000][165][info ][safepoint   ] Safepoint "Cleanup", Time since last: 3000503143 ns, Reaching safepoint: 29870 ns, Cleanup: 16505 ns, At safepoint: 3003 ns, Total: 49378 ns
[2024-08-17T02:06:10.209+0000][165][info ][safepoint   ] Safepoint "Cleanup", Time since last: 5001233875 ns, Reaching safepoint: 22587 ns, Cleanup: 36931 ns, At safepoint: 10930 ns, Total: 70448 ns
[2024-08-17T02:06:14.211+0000][165][info ][safepoint   ] Safepoint "Cleanup", Time since last: 4002393987 ns, Reaching safepoint: 53725 ns, Cleanup: 11185 ns, At safepoint: 3946 ns, Total: 68856 ns
[2024-08-17T02:06:21.213+0000][165][info ][safepoint   ] Safepoint "Cleanup", Time since last: 7001478008 ns, Reaching safepoint: 39698 ns, Cleanup: 11581 ns, At safepoint: 2572 ns, Total: 53851 ns
[2024-08-17T02:06:22.213+0000][165][info ][safepoint   ] Safepoint "Cleanup", Time since last: 1000151526 ns, Reaching safepoint: 9764 ns, Cleanup: 13819 ns, At safepoint: 4131 ns, Total: 27714 ns
[2024-08-17T02:06:25.218+0000][165][info ][safepoint   ] Safepoint "Cleanup", Time since last: 3005150186 ns, Reaching safepoint: 14512 ns, Cleanup: 31231 ns, At safepoint: 4765 ns, Total: 50508 ns
[2024-08-17T02:06:26.219+0000][165][info ][safepoint   ] Safepoint "Cleanup", Time since last: 1000446391 ns, Reaching safepoint: 16045 ns, Cleanup: 27437 ns, At safepoint: 5726 ns, Total: 49208 ns
[2024-08-17T02:06:27.220+0000][165][info ][safepoint   ] Safepoint "Cleanup", Time since last: 1000788309 ns, Reaching safepoint: 25044 ns, Cleanup: 52742 ns, At safepoint: 11120 ns, Total: 88906 ns
[2024-08-17T02:06:29.251+0000][165][info ][safepoint   ] Safepoint "Cleanup", Time since last: 2000658609 ns, Reaching safepoint: 30530749 ns, Cleanup: 29962 ns, At safepoint: 56071 ns, Total: 30616782 ns
[2024-08-17T02:06:34.250+0000][165][info ][safepoint   ] Safepoint "Cleanup", Time since last: 5001753429 ns, Reaching safepoint: 12370 ns, Cleanup: 20196 ns, At safepoint: 5105 ns, Total: 37671 ns
[2024-08-17T02:06:38.251+0000][165][info ][safepoint   ] Safepoint "Cleanup", Time since last: 4001161776 ns, Reaching safepoint: 9648 ns, Cleanup: 20210 ns, At safepoint: 3985 ns, Total: 33843 ns
[2024-08-17T02:06:45.252+0000][165][info ][safepoint   ] Safepoint "Cleanup", Time since last: 7001450822 ns, Reaching safepoint: 43073 ns, Cleanup: 25222 ns, At safepoint: 6003 ns, Total: 74298 ns
[2024-08-17T02:06:46.253+0000][165][info ][safepoint   ] Safepoint "Cleanup", Time since last: 1000317341 ns, Reaching safepoint: 19148 ns, Cleanup: 42229 ns, At safepoint: 6115 ns, Total: 67492 ns
[2024-08-17T02:06:49.253+0000][165][info ][safepoint   ] Safepoint "Cleanup", Time since last: 3000656856 ns, Reaching safepoint: 13009 ns, Cleanup: 17214 ns, At safepoint: 3272 ns, Total: 33495 ns
[2024-08-17T02:06:50.254+0000][165][info ][safepoint   ] Safepoint "Cleanup", Time since last: 1000357659 ns, Reaching safepoint: 12090 ns, Cleanup: 25500 ns, At safepoint: 4677 ns, Total: 42267 ns
[2024-08-17T02:06:52.254+0000][165][info ][safepoint   ] Safepoint "Cleanup", Time since last: 2000621889 ns, Reaching safepoint: 12393 ns, Cleanup: 23237 ns, At safepoint: 4804 ns, Total: 40434 ns
[2024-08-17T02:06:55.256+0000][165][info ][safepoint   ] Safepoint "Cleanup", Time since last: 3001038832 ns, Reaching safepoint: 20548 ns, Cleanup: 38146 ns, At safepoint: 7018 ns, Total: 65712 ns
[2024-08-17T02:06:57.257+0000][165][info ][safepoint   ] Safepoint "Cleanup", Time since last: 2001052155 ns, Reaching safepoint: 16647 ns, Cleanup: 26461 ns, At safepoint: 5800 ns, Total: 48908 ns
[2024-08-17T02:07:00.257+0000][165][info ][safepoint   ] Safepoint "Cleanup", Time since last: 3000733112 ns, Reaching safepoint: 11795 ns, Cleanup: 29658 ns, At safepoint: 3598 ns, Total: 45051 ns
[2024-08-17T02:07:02.258+0000][165][info ][safepoint   ] Safepoint "Cleanup", Time since last: 2000735874 ns, Reaching safepoint: 12428 ns, Cleanup: 19126 ns, At safepoint: 4779 ns, Total: 36333 ns
[2024-08-17T02:07:09.258+0000][165][info ][safepoint   ] Safepoint "Cleanup", Time since last: 7002162124 ns, Reaching safepoint: 23732 ns, Cleanup: 32294 ns, At safepoint: 9103 ns, Total: 65129 ns
[2024-08-17T02:07:17.261+0000][165][info ][safepoint   ] Safepoint "Cleanup", Time since last: 8002350900 ns, Reaching safepoint: 340394 ns, Cleanup: 28376 ns, At safepoint: 10746 ns, Total: 379516 ns
[2024-08-17T02:07:18.261+0000][165][info ][safepoint   ] Safepoint "Cleanup", Time since last: 1000414790 ns, Reaching safepoint: 12340 ns, Cleanup: 22576 ns, At safepoint: 4890 ns, Total: 39806 ns
[2024-08-17T02:07:19.262+0000][165][info ][safepoint   ] Safepoint "Cleanup", Time since last: 1000391424 ns, Reaching safepoint: 12612 ns, Cleanup: 20123 ns, At safepoint: 4757 ns, Total: 37492 ns
[2024-08-17T02:07:20.263+0000][165][info ][safepoint   ] Safepoint "Cleanup", Time since last: 1000578476 ns, Reaching safepoint: 12092 ns, Cleanup: 24597 ns, At safepoint: 3713 ns, Total: 40402 ns
[2024-08-17T02:07:21.263+0000][165][info ][safepoint   ] Safepoint "Cleanup", Time since last: 1000203211 ns, Reaching safepoint: 10823 ns, Cleanup: 16178 ns, At safepoint: 3960 ns, Total: 30961 ns
[2024-08-17T02:07:22.263+0000][165][info ][safepoint   ] Safepoint "Cleanup", Time since last: 1000385069 ns, Reaching safepoint: 10769 ns, Cleanup: 17438 ns, At safepoint: 4454 ns, Total: 32661 ns
[2024-08-17T02:07:24.264+0000][165][info ][safepoint   ] Safepoint "Cleanup", Time since last: 2000464546 ns, Reaching safepoint: 10194 ns, Cleanup: 18760 ns, At safepoint: 4198 ns, Total: 33152 ns
[2024-08-17T02:07:25.264+0000][165][info ][safepoint   ] Safepoint "Cleanup", Time since last: 1000300297 ns, Reaching safepoint: 9976 ns, Cleanup: 20131 ns, At safepoint: 4117 ns, Total: 34224 ns
[2024-08-17T02:07:29.265+0000][165][info ][safepoint   ] Safepoint "Cleanup", Time since last: 4001146386 ns, Reaching safepoint: 12448 ns, Cleanup: 22220 ns, At safepoint: 4921 ns, Total: 39589 ns
[2024-08-17T02:07:30.266+0000][165][info ][safepoint   ] Safepoint "Cleanup", Time since last: 1000253506 ns, Reaching safepoint: 42255 ns, Cleanup: 18997 ns, At safepoint: 4510 ns, Total: 65762 ns
[2024-08-17T02:07:33.266+0000][165][info ][safepoint   ] Safepoint "Cleanup", Time since last: 3000814409 ns, Reaching safepoint: 10075 ns, Cleanup: 16984 ns, At safepoint: 4218 ns, Total: 31277 ns
[2024-08-17T02:07:34.256+0000][165][info ][safepoint   ] Safepoint "Cleanup", Time since last: 1001495324 ns, Reaching safepoint: 10435 ns, Cleanup: 19813 ns, At safepoint: 3369 ns, Total: 33617 ns
[2024-08-17T02:07:35.256+0000][165][info ][safepoint   ] Safepoint "Cleanup", Time since last: 1000289697 ns, Reaching safepoint: 12974 ns, Cleanup: 21718 ns, At safepoint: 4940 ns, Total: 39632 ns
[2024-08-17T02:07:37.257+0000][165][info ][safepoint   ] Safepoint "Cleanup", Time since last: 2000697056 ns, Reaching safepoint: 14747 ns, Cleanup: 29673 ns, At safepoint: 5822 ns, Total: 50242 ns
[2024-08-17T02:07:38.258+0000][165][info ][safepoint   ] Safepoint "Cleanup", Time since last: 1000383983 ns, Reaching safepoint: 6662 ns, Cleanup: 19286 ns, At safepoint: 2759 ns, Total: 28707 ns
[2024-08-17T02:07:40.258+0000][165][info ][safepoint   ] Safepoint "Cleanup", Time since last: 2000764178 ns, Reaching safepoint: 16561 ns, Cleanup: 38677 ns, At safepoint: 6489 ns, Total: 61727 ns
[2024-08-17T02:07:52.262+0000][165][info ][safepoint   ] Safepoint "Cleanup", Time since last: 12003712200 ns, Reaching safepoint: 64511 ns, Cleanup: 29959 ns, At safepoint: 5467 ns, Total: 99937 ns
[2024-08-17T02:08:02.265+0000][165][info ][safepoint   ] Safepoint "Cleanup", Time since last: 10003241229 ns, Reaching safepoint: 44129 ns, Cleanup: 19821 ns, At safepoint: 5020 ns, Total: 68970 ns
[2024-08-17T02:08:06.274+0000][165][info ][safepoint   ] Safepoint "Cleanup", Time since last: 4001315860 ns, Reaching safepoint: 99379 ns, Cleanup: 19083 ns, At safepoint: 6072 ns, Total: 124534 ns
[2024-08-17T02:08:08.275+0000][165][info ][safepoint   ] Safepoint "Cleanup", Time since last: 2000746604 ns, Reaching safepoint: 13143 ns, Cleanup: 157129 ns, At safepoint: 7290 ns, Total: 177562 ns
[2024-08-17T02:08:10.276+0000][165][info ][safepoint   ] Safepoint "Cleanup", Time since last: 2000837934 ns, Reaching safepoint: 16709 ns, Cleanup: 23213 ns, At safepoint: 5399 ns, Total: 45321 ns
[2024-08-17T02:08:11.276+0000][165][info ][safepoint   ] Safepoint "Cleanup", Time since last: 1000490624 ns, Reaching safepoint: 16382 ns, Cleanup: 28406 ns, At safepoint: 6429 ns, Total: 51217 ns
[2024-08-17T02:08:14.278+0000][165][info ][safepoint   ] Safepoint "Cleanup", Time since last: 3001294313 ns, Reaching safepoint: 17358 ns, Cleanup: 28265 ns, At safepoint: 7040 ns, Total: 52663 ns
[2024-08-17T02:08:15.278+0000][165][info ][safepoint   ] Safepoint "Cleanup", Time since last: 1000347060 ns, Reaching safepoint: 14759 ns, Cleanup: 35034 ns, At safepoint: 5658 ns, Total: 55451 ns
[2024-08-17T02:08:23.281+0000][165][info ][safepoint   ] Safepoint "Cleanup", Time since last: 8002995772 ns, Reaching safepoint: 13612 ns, Cleanup: 25842 ns, At safepoint: 5092 ns, Total: 44546 ns
[2024-08-17T02:08:26.283+0000][165][info ][safepoint   ] Safepoint "Cleanup", Time since last: 3001692845 ns, Reaching safepoint: 22650 ns, Cleanup: 33827 ns, At safepoint: 8795 ns, Total: 65272 ns
[2024-08-17T02:09:02.290+0000][165][info ][safepoint   ] Safepoint "Cleanup", Time since last: 36009836353 ns, Reaching safepoint: 84659 ns, Cleanup: 43865 ns, At safepoint: 11930 ns, Total: 140454 ns
[2024-08-17T02:09:03.291+0000][165][info ][safepoint   ] Safepoint "Cleanup", Time since last: 1000663202 ns, Reaching safepoint: 23888 ns, Cleanup: 34209 ns, At safepoint: 8809 ns, Total: 66906 ns
[2024-08-17T02:09:05.289+0000][165][info ][safepoint   ] Safepoint "Cleanup", Time since last: 2001045511 ns, Reaching safepoint: 17300 ns, Cleanup: 25454 ns, At safepoint: 42424 ns, Total: 85178 ns
[2024-08-17T02:09:06.290+0000][165][info ][safepoint   ] Safepoint "Cleanup", Time since last: 1000616507 ns, Reaching safepoint: 16782 ns, Cleanup: 26167 ns, At safepoint: 6094 ns, Total: 49043 ns
[2024-08-17T02:09:07.290+0000][165][info ][safepoint   ] Safepoint "Cleanup", Time since last: 1000391059 ns, Reaching safepoint: 13695 ns, Cleanup: 22331 ns, At safepoint: 5676 ns, Total: 41702 ns
[2024-08-17T02:09:08.291+0000][165][info ][safepoint   ] Safepoint "Cleanup", Time since last: 1000461816 ns, Reaching safepoint: 19022 ns, Cleanup: 31053 ns, At safepoint: 7113 ns, Total: 57188 ns
[2024-08-17T02:09:09.292+0000][165][info ][safepoint   ] Safepoint "Cleanup", Time since last: 1000544493 ns, Reaching safepoint: 16030 ns, Cleanup: 23444 ns, At safepoint: 6454 ns, Total: 45928 ns
[2024-08-17T02:09:11.293+0000][165][info ][safepoint   ] Safepoint "Cleanup", Time since last: 2000957249 ns, Reaching safepoint: 19333 ns, Cleanup: 43604 ns, At safepoint: 7256 ns, Total: 70193 ns
[2024-08-17T02:09:12.293+0000][165][info ][safepoint   ] Safepoint "Cleanup", Time since last: 1000266699 ns, Reaching safepoint: 6827 ns, Cleanup: 14255 ns, At safepoint: 2624 ns, Total: 23706 ns
[2024-08-17T02:09:13.293+0000][165][info ][safepoint   ] Safepoint "Cleanup", Time since last: 1000346526 ns, Reaching safepoint: 7520 ns, Cleanup: 15902 ns, At safepoint: 2869 ns, Total: 26291 ns
[2024-08-17T02:09:17.294+0000][165][info ][safepoint   ] Safepoint "Cleanup", Time since last: 4000723267 ns, Reaching safepoint: 45401 ns, Cleanup: 22209 ns, At safepoint: 5446 ns, Total: 73056 ns
[2024-08-17T02:09:22.295+0000][165][info ][safepoint   ] Safepoint "Cleanup", Time since last: 5001136622 ns, Reaching safepoint: 12230 ns, Cleanup: 22414 ns, At safepoint: 5216 ns, Total: 39860 ns
[2024-08-17T02:09:29.298+0000][165][info ][safepoint   ] Safepoint "Cleanup", Time since last: 7002366698 ns, Reaching safepoint: 13039 ns, Cleanup: 33465 ns, At safepoint: 5162 ns, Total: 51666 ns
[2024-08-17T02:09:33.299+0000][165][info ][safepoint   ] Safepoint "Cleanup", Time since last: 4001595133 ns, Reaching safepoint: 17052 ns, Cleanup: 35066 ns, At safepoint: 6815 ns, Total: 58933 ns
[2024-08-17T02:09:40.299+0000][165][info ][safepoint   ] Safepoint "Cleanup", Time since last: 7001602681 ns, Reaching safepoint: 7861 ns, Cleanup: 11399 ns, At safepoint: 2493 ns, Total: 21753 ns
[2024-08-17T02:09:51.301+0000][165][info ][safepoint   ] Safepoint "Cleanup", Time since last: 11001847467 ns, Reaching safepoint: 23215 ns, Cleanup: 11634 ns, At safepoint: 4697 ns, Total: 39546 ns
[2024-08-17T02:09:52.301+0000][165][info ][safepoint   ] Safepoint "Cleanup", Time since last: 1000119117 ns, Reaching safepoint: 22096 ns, Cleanup: 10335 ns, At safepoint: 3956 ns, Total: 36387 ns
[2024-08-17T02:10:00.302+0000][165][info ][safepoint   ] Safepoint "Cleanup", Time since last: 8001330462 ns, Reaching safepoint: 7897 ns, Cleanup: 27001 ns, At safepoint: 3889 ns, Total: 38787 ns
[2024-08-17T02:10:19.303+0000][165][info ][safepoint   ] Safepoint "Cleanup", Time since last: 19002800636 ns, Reaching safepoint: 49763 ns, Cleanup: 28711 ns, At safepoint: 7233 ns, Total: 85707 ns
[2024-08-17T02:10:29.317+0000][165][info ][safepoint   ] Safepoint "Cleanup", Time since last: 10013807698 ns, Reaching safepoint: 10000 ns, Cleanup: 12416 ns, At safepoint: 3130 ns, Total: 25546 ns
[2024-08-17T02:10:30.317+0000][165][info ][safepoint   ] Safepoint "Cleanup", Time since last: 1000149027 ns, Reaching safepoint: 7316 ns, Cleanup: 11152 ns, At safepoint: 2550 ns, Total: 21018 ns
[2024-08-17T02:10:37.313+0000][165][info ][safepoint   ] Safepoint "Cleanup", Time since last: 7001210078 ns, Reaching safepoint: 47780 ns, Cleanup: 19106 ns, At safepoint: 4711 ns, Total: 71597 ns
[2024-08-17T02:10:51.318+0000][165][info ][safepoint   ] Safepoint "Cleanup", Time since last: 14004664978 ns, Reaching safepoint: 15190 ns, Cleanup: 22826 ns, At safepoint: 5908 ns, Total: 43924 ns
[2024-08-17T02:10:52.318+0000][165][info ][safepoint   ] Safepoint "Cleanup", Time since last: 1000319865 ns, Reaching safepoint: 15102 ns, Cleanup: 16861 ns, At safepoint: 3020 ns, Total: 34983 ns
[2024-08-17T02:11:00.321+0000][165][info ][safepoint   ] Safepoint "Cleanup", Time since last: 8002349526 ns, Reaching safepoint: 13739 ns, Cleanup: 24664 ns, At safepoint: 4949 ns, Total: 43352 ns
[2024-08-17T02:11:09.320+0000][165][info ][safepoint   ] Safepoint "Cleanup", Time since last: 9002399759 ns, Reaching safepoint: 60987 ns, Cleanup: 22562 ns, At safepoint: 5625 ns, Total: 89174 ns
[2024-08-17T02:11:13.322+0000][165][info ][safepoint   ] Safepoint "Cleanup", Time since last: 4001284713 ns, Reaching safepoint: 12985 ns, Cleanup: 20421 ns, At safepoint: 4965 ns, Total: 38371 ns
[2024-08-17T02:11:15.322+0000][165][info ][safepoint   ] Safepoint "Cleanup", Time since last: 2000382549 ns, Reaching safepoint: 8910 ns, Cleanup: 19501 ns, At safepoint: 2504 ns, Total: 30915 ns
[2024-08-17T02:11:17.323+0000][165][info ][safepoint   ] Safepoint "Cleanup", Time since last: 2000381863 ns, Reaching safepoint: 11579 ns, Cleanup: 19791 ns, At safepoint: 3747 ns, Total: 35117 ns
[2024-08-17T02:11:18.323+0000][165][info ][safepoint   ] Safepoint "Cleanup", Time since last: 1000268740 ns, Reaching safepoint: 7873 ns, Cleanup: 13156 ns, At safepoint: 2578 ns, Total: 23607 ns
[2024-08-17T02:11:19.323+0000][165][info ][safepoint   ] Safepoint "Cleanup", Time since last: 1000207246 ns, Reaching safepoint: 14408 ns, Cleanup: 20411 ns, At safepoint: 5622 ns, Total: 40441 ns
[2024-08-17T02:11:24.325+0000][165][info ][safepoint   ] Safepoint "Cleanup", Time since last: 5001304289 ns, Reaching safepoint: 14629 ns, Cleanup: 28137 ns, At safepoint: 5035 ns, Total: 47801 ns
[2024-08-17T02:11:26.325+0000][165][info ][safepoint   ] Safepoint "Cleanup", Time since last: 2000640291 ns, Reaching safepoint: 13845 ns, Cleanup: 24186 ns, At safepoint: 6531 ns, Total: 44562 ns
[2024-08-17T02:11:31.362+0000][165][info ][safepoint   ] Safepoint "Cleanup", Time since last: 5036489473 ns, Reaching safepoint: 10926 ns, Cleanup: 19616 ns, At safepoint: 3844 ns, Total: 34386 ns
[2024-08-17T02:11:39.361+0000][165][info ][safepoint   ] Safepoint "Cleanup", Time since last: 8002066932 ns, Reaching safepoint: 13739 ns, Cleanup: 21572 ns, At safepoint: 20064 ns, Total: 55375 ns
[2024-08-17T02:11:45.362+0000][165][info ][safepoint   ] Safepoint "Cleanup", Time since last: 6001510304 ns, Reaching safepoint: 13364 ns, Cleanup: 20392 ns, At safepoint: 5154 ns, Total: 38910 ns
[2024-08-17T02:11:47.258+0000][165][info ][gc,start    ] GC(23) Pause Young (Normal) (G1 Evacuation Pause)
[2024-08-17T02:11:47.267+0000][165][info ][gc,task     ] GC(23) Using 2 workers of 2 for evacuation
[2024-08-17T02:11:47.268+0000][165][debug][gc,age      ] GC(23) Desired survivor size 20971520 bytes, new threshold 15 (max threshold 15)
[2024-08-17T02:11:47.544+0000][165][info ][gc,mmu      ] GC(23) MMU target violated: 201.0ms (200.0ms/201.0ms)
[2024-08-17T02:11:47.545+0000][165][info ][gc,phases   ] GC(23)   Pre Evacuate Collection Set: 5.1ms
[2024-08-17T02:11:47.545+0000][165][info ][gc,phases   ] GC(23)   Merge Heap Roots: 3.1ms
[2024-08-17T02:11:47.545+0000][165][info ][gc,phases   ] GC(23)   Evacuate Collection Set: 258.3ms
[2024-08-17T02:11:47.545+0000][165][info ][gc,phases   ] GC(23)   Post Evacuate Collection Set: 9.8ms
[2024-08-17T02:11:47.545+0000][165][info ][gc,phases   ] GC(23)   Other: 7.0ms
[2024-08-17T02:11:47.545+0000][165][trace][gc,age      ] GC(23) Age table with threshold 15 (max threshold 15)
[2024-08-17T02:11:47.545+0000][165][trace][gc,age      ] GC(23) - age   1:    8383512 bytes,    8383512 total
[2024-08-17T02:11:47.545+0000][165][trace][gc,age      ] GC(23) - age   2:    1372352 bytes,    9755864 total
[2024-08-17T02:11:47.545+0000][165][info ][gc,heap     ] GC(23) Eden regions: 75->0(6)
[2024-08-17T02:11:47.545+0000][165][info ][gc,heap     ] GC(23) Survivor regions: 1->3(10)
[2024-08-17T02:11:47.545+0000][165][info ][gc,heap     ] GC(23) Old regions: 27->27
[2024-08-17T02:11:47.545+0000][165][info ][gc,heap     ] GC(23) Humongous regions: 0->0
[2024-08-17T02:11:47.545+0000][165][info ][gc,metaspace] GC(23) Metaspace: 132473K(136064K)->132473K(136064K) NonClass: 114357K(116224K)->114357K(116224K) Class: 18115K(19840K)->18115K(19840K)
[2024-08-17T02:11:47.545+0000][165][info ][gc          ] GC(23) Pause Young (Normal) (G1 Evacuation Pause) 412M->118M(512M) 287.410ms
[2024-08-17T02:11:47.545+0000][165][info ][gc,cpu      ] GC(23) User=0.02s Sys=0.05s Real=0.29s
[2024-08-17T02:11:47.545+0000][165][info ][safepoint   ] Safepoint "G1CollectForAllocation", Time since last: 1893453654 ns, Reaching safepoint: 11142 ns, Cleanup: 5373 ns, At safepoint: 289390750 ns, Total: 289407265 ns
[2024-08-17T02:11:48.550+0000][165][info ][safepoint   ] Safepoint "Cleanup", Time since last: 1005017115 ns, Reaching safepoint: 24202 ns, Cleanup: 39651 ns, At safepoint: 9461 ns, Total: 73314 ns
[2024-08-17T02:11:54.552+0000][165][info ][safepoint   ] Safepoint "Cleanup", Time since last: 6001451367 ns, Reaching safepoint: 10650 ns, Cleanup: 18768 ns, At safepoint: 4367 ns, Total: 33785 ns
[2024-08-17T02:11:55.552+0000][165][info ][safepoint   ] Safepoint "Cleanup", Time since last: 1000459150 ns, Reaching safepoint: 20123 ns, Cleanup: 32659 ns, At safepoint: 7317 ns, Total: 60099 ns
[2024-08-17T02:12:07.390+0000][165][info ][safepoint   ] Safepoint "Cleanup", Time since last: 11840797474 ns, Reaching safepoint: 66568 ns, Cleanup: 34568 ns, At safepoint: 5937 ns, Total: 107073 ns
[2024-08-17T02:12:18.393+0000][165][info ][safepoint   ] Safepoint "Cleanup", Time since last: 11003019767 ns, Reaching safepoint: 20307 ns, Cleanup: 28691 ns, At safepoint: 5803 ns, Total: 54801 ns
[2024-08-17T02:12:19.394+0000][165][info ][safepoint   ] Safepoint "Cleanup", Time since last: 1000416632 ns, Reaching safepoint: 13996 ns, Cleanup: 24347 ns, At safepoint: 3542 ns, Total: 41885 ns
[2024-08-17T02:12:20.395+0000][165][info ][safepoint   ] Safepoint "Cleanup", Time since last: 1000892071 ns, Reaching safepoint: 16481 ns, Cleanup: 25430 ns, At safepoint: 6019 ns, Total: 47930 ns
[2024-08-17T02:12:37.396+0000][165][info ][safepoint   ] Safepoint "Cleanup", Time since last: 17004661794 ns, Reaching safepoint: 67502 ns, Cleanup: 32398 ns, At safepoint: 5706 ns, Total: 105606 ns
[2024-08-17T02:12:39.397+0000][165][info ][safepoint   ] Safepoint "Cleanup", Time since last: 2000873739 ns, Reaching safepoint: 17647 ns, Cleanup: 32663 ns, At safepoint: 6168 ns, Total: 56478 ns
[2024-08-17T02:12:49.399+0000][165][info ][safepoint   ] Safepoint "Cleanup", Time since last: 10002267110 ns, Reaching safepoint: 7852 ns, Cleanup: 16037 ns, At safepoint: 3002 ns, Total: 26891 ns
[2024-08-17T02:12:51.400+0000][165][info ][safepoint   ] Safepoint "Cleanup", Time since last: 2000798210 ns, Reaching safepoint: 82037 ns, Cleanup: 35825 ns, At safepoint: 16059 ns, Total: 133921 ns
[2024-08-17T02:12:59.402+0000][165][info ][safepoint   ] Safepoint "Cleanup", Time since last: 8002092530 ns, Reaching safepoint: 14886 ns, Cleanup: 26234 ns, At safepoint: 4946 ns, Total: 46066 ns
[2024-08-17T02:13:03.404+0000][165][info ][safepoint   ] Safepoint "Cleanup", Time since last: 4001088904 ns, Reaching safepoint: 21872 ns, Cleanup: 36203 ns, At safepoint: 6876 ns, Total: 64951 ns
[2024-08-17T02:13:09.403+0000][165][info ][safepoint   ] Safepoint "Cleanup", Time since last: 6001859343 ns, Reaching safepoint: 8907 ns, Cleanup: 17524 ns, At safepoint: 2911 ns, Total: 29342 ns
[2024-08-17T02:13:12.403+0000][165][info ][safepoint   ] Safepoint "Cleanup", Time since last: 3000692142 ns, Reaching safepoint: 9957 ns, Cleanup: 22221 ns, At safepoint: 3564 ns, Total: 35742 ns
[2024-08-17T02:13:19.405+0000][165][info ][safepoint   ] Safepoint "Cleanup", Time since last: 7001343280 ns, Reaching safepoint: 17252 ns, Cleanup: 27859 ns, At safepoint: 5425 ns, Total: 50536 ns
[2024-08-17T02:13:22.406+0000][165][info ][safepoint   ] Safepoint "Cleanup", Time since last: 3001059090 ns, Reaching safepoint: 24222 ns, Cleanup: 14350 ns, At safepoint: 3603 ns, Total: 42175 ns
[2024-08-17T02:13:23.159+0000][165][info ][gc,start    ] GC(24) Pause Young (Normal) (G1 Evacuation Pause)
[2024-08-17T02:13:23.171+0000][165][info ][gc,task     ] GC(24) Using 2 workers of 2 for evacuation
[2024-08-17T02:13:23.171+0000][165][debug][gc,age      ] GC(24) Desired survivor size 4194304 bytes, new threshold 1 (max threshold 15)
[2024-08-17T02:13:23.305+0000][165][info ][gc,phases   ] GC(24)   Pre Evacuate Collection Set: 0.2ms
[2024-08-17T02:13:23.305+0000][165][info ][gc,phases   ] GC(24)   Merge Heap Roots: 0.1ms
[2024-08-17T02:13:23.305+0000][165][info ][gc,phases   ] GC(24)   Evacuate Collection Set: 131.2ms
[2024-08-17T02:13:23.305+0000][165][info ][gc,phases   ] GC(24)   Post Evacuate Collection Set: 1.9ms
[2024-08-17T02:13:23.305+0000][165][info ][gc,phases   ] GC(24)   Other: 0.2ms
[2024-08-17T02:13:23.305+0000][165][trace][gc,age      ] GC(24) Age table with threshold 1 (max threshold 15)
[2024-08-17T02:13:23.305+0000][165][trace][gc,age      ] GC(24) - age   1:       8608 bytes,       8608 total
[2024-08-17T02:13:23.305+0000][165][info ][gc,heap     ] GC(24) Eden regions: 11->0(49)
[2024-08-17T02:13:23.305+0000][165][info ][gc,heap     ] GC(24) Survivor regions: 3->1(2)
[2024-08-17T02:13:23.305+0000][165][info ][gc,heap     ] GC(24) Old regions: 27->30
[2024-08-17T02:13:23.305+0000][165][info ][gc,heap     ] GC(24) Humongous regions: 0->0
[2024-08-17T02:13:23.305+0000][165][info ][gc,metaspace] GC(24) Metaspace: 132516K(136192K)->132516K(136192K) NonClass: 114401K(116352K)->114401K(116352K) Class: 18115K(19840K)->18115K(19840K)
[2024-08-17T02:13:23.306+0000][165][info ][gc          ] GC(24) Pause Young (Normal) (G1 Evacuation Pause) 162M->120M(512M) 146.539ms
[2024-08-17T02:13:23.306+0000][165][info ][gc,cpu      ] GC(24) User=0.02s Sys=0.03s Real=0.15s
[2024-08-17T02:13:23.306+0000][165][info ][safepoint   ] Safepoint "G1CollectForAllocation", Time since last: 752999665 ns, Reaching safepoint: 11095 ns, Cleanup: 5327 ns, At safepoint: 146670717 ns, Total: 146687139 ns
[2024-08-17T02:13:34.315+0000][165][info ][safepoint   ] Safepoint "Cleanup", Time since last: 11012771424 ns, Reaching safepoint: 9167 ns, Cleanup: 12903 ns, At safepoint: 2804 ns, Total: 24874 ns
[2024-08-17T02:13:49.318+0000][165][info ][safepoint   ] Safepoint "Cleanup", Time since last: 15002984997 ns, Reaching safepoint: 19308 ns, Cleanup: 22105 ns, At safepoint: 5128 ns, Total: 46541 ns
[2024-08-17T02:13:57.320+0000][165][info ][safepoint   ] Safepoint "Cleanup", Time since last: 8001159082 ns, Reaching safepoint: 21400 ns, Cleanup: 12113 ns, At safepoint: 3885 ns, Total: 37398 ns
[2024-08-17T02:14:52.330+0000][165][info ][safepoint   ] Safepoint "Cleanup", Time since last: 55016472719 ns, Reaching safepoint: 55595 ns, Cleanup: 23455 ns, At safepoint: 4809 ns, Total: 83859 ns
[2024-08-17T02:15:14.563+0000][165][info ][safepoint   ] Safepoint "Cleanup", Time since last: 22234495199 ns, Reaching safepoint: 12383 ns, Cleanup: 22150 ns, At safepoint: 4797 ns, Total: 39330 ns
[2024-08-17T02:15:19.565+0000][165][info ][safepoint   ] Safepoint "Cleanup", Time since last: 5002122130 ns, Reaching safepoint: 85298 ns, Cleanup: 37792 ns, At safepoint: 13702 ns, Total: 136792 ns
[2024-08-17T02:16:41.579+0000][165][info ][safepoint   ] Safepoint "Cleanup", Time since last: 82022352294 ns, Reaching safepoint: 45996 ns, Cleanup: 18487 ns, At safepoint: 4103 ns, Total: 68586 ns
[2024-08-17T02:16:52.581+0000][165][info ][safepoint   ] Safepoint "Cleanup", Time since last: 11002520321 ns, Reaching safepoint: 39624 ns, Cleanup: 17811 ns, At safepoint: 4545 ns, Total: 61980 ns
[2024-08-17T02:17:17.584+0000][165][info ][safepoint   ] Safepoint "Cleanup", Time since last: 25005807787 ns, Reaching safepoint: 46704 ns, Cleanup: 21494 ns, At safepoint: 4969 ns, Total: 73167 ns
[2024-08-17T02:17:22.586+0000][165][info ][safepoint   ] Safepoint "Cleanup", Time since last: 5001321839 ns, Reaching safepoint: 59265 ns, Cleanup: 23441 ns, At safepoint: 5793 ns, Total: 88499 ns
[2024-08-17T02:17:29.588+0000][165][info ][safepoint   ] Safepoint "Cleanup", Time since last: 7001583161 ns, Reaching safepoint: 12474 ns, Cleanup: 43746 ns, At safepoint: 3734 ns, Total: 59954 ns
[2024-08-17T02:17:30.588+0000][165][info ][safepoint   ] Safepoint "Cleanup", Time since last: 1000388722 ns, Reaching safepoint: 7031 ns, Cleanup: 57793 ns, At safepoint: 4207 ns, Total: 69031 ns
[2024-08-17T02:17:32.237+0000][165][info ][gc,heap,exit] Heap
[2024-08-17T02:17:32.237+0000][165][info ][gc,heap,exit]  garbage-first heap   total 524288K, used 189320K [0x00000000e0000000, 0x0000000100000000)
[2024-08-17T02:17:32.237+0000][165][info ][gc,heap,exit]   region size 4096K, 18 young (73728K), 1 survivors (4096K)
[2024-08-17T02:17:32.237+0000][165][info ][gc,heap,exit]  Metaspace       used 132860K, committed 136512K, reserved 1179648K
[2024-08-17T02:17:32.237+0000][165][info ][gc,heap,exit]   class space    used 18181K, committed 19904K, reserved 1048576K
