[2024-08-17T02:03:17.356+0000][115][info][gc,init] CardTable entry size: 512
[2024-08-17T02:03:17.356+0000][115][info][gc     ] Using G1
[2024-08-17T02:03:17.517+0000][115][info][gc,init] Version: 21.0.1+12-29 (release)
[2024-08-17T02:03:17.518+0000][115][info][gc,init] CPUs: 2 total, 2 available
[2024-08-17T02:03:17.519+0000][115][info][gc,init] Memory: 1973M
[2024-08-17T02:03:17.519+0000][115][info][gc,init] Large Page Support: Disabled
[2024-08-17T02:03:17.520+0000][115][info][gc,init] NUMA Support: Disabled
[2024-08-17T02:03:17.520+0000][115][info][gc,init] Compressed Oops: Enabled (32-bit)
[2024-08-17T02:03:17.520+0000][115][info][gc,init] Heap Region Size: 4M
[2024-08-17T02:03:17.520+0000][115][info][gc,init] Heap Min Capacity: 512M
[2024-08-17T02:03:17.520+0000][115][info][gc,init] Heap Initial Capacity: 512M
[2024-08-17T02:03:17.520+0000][115][info][gc,init] Heap Max Capacity: 512M
[2024-08-17T02:03:17.520+0000][115][info][gc,init] Pre-touch: Enabled
[2024-08-17T02:03:17.520+0000][115][info][gc,init] Parallel Workers: 2
[2024-08-17T02:03:17.520+0000][115][info][gc,init] Concurrent Workers: 1
[2024-08-17T02:03:17.520+0000][115][info][gc,init] Concurrent Refinement Workers: 2
[2024-08-17T02:03:17.520+0000][115][info][gc,init] Periodic GC: Disabled
[2024-08-17T02:03:17.541+0000][115][info][gc,metaspace] CDS archive(s) mapped at: [0x00007f99cf000000-0x00007f99cfca5000-0x00007f99cfca5000), size 13258752, SharedBaseAddress: 0x00007f99cf000000, ArchiveRelocationMode: 1.
[2024-08-17T02:03:17.541+0000][115][info][gc,metaspace] Compressed class space mapped at: 0x00007f99d0000000-0x00007f9a10000000, reserved size: 1073741824
[2024-08-17T02:03:17.541+0000][115][info][gc,metaspace] Narrow klass base: 0x00007f99cf000000, Narrow klass shift: 0, Narrow klass range: 0x100000000
[2024-08-17T02:03:17.866+0000][115][info][gc,start    ] GC(0) Pause Young (Normal) (G1 Evacuation Pause)
[2024-08-17T02:03:17.867+0000][115][info][gc,task     ] GC(0) Using 2 workers of 2 for evacuation
[2024-08-17T02:03:17.867+0000][115][debug][gc,age      ] GC(0) Desired survivor size 2097152 bytes, new threshold 15 (max threshold 15)
[2024-08-17T02:03:17.872+0000][115][info ][gc,phases   ] GC(0)   Pre Evacuate Collection Set: 2.5ms
[2024-08-17T02:03:17.872+0000][115][info ][gc,phases   ] GC(0)   Merge Heap Roots: 0.0ms
[2024-08-17T02:03:17.872+0000][115][info ][gc,phases   ] GC(0)   Evacuate Collection Set: 3.0ms
[2024-08-17T02:03:17.872+0000][115][info ][gc,phases   ] GC(0)   Post Evacuate Collection Set: 0.1ms
[2024-08-17T02:03:17.872+0000][115][info ][gc,phases   ] GC(0)   Other: 0.1ms
[2024-08-17T02:03:17.873+0000][115][trace][gc,age      ] GC(0) Age table with threshold 15 (max threshold 15)
[2024-08-17T02:03:17.873+0000][115][trace][gc,age      ] GC(0) - age   1:    2253576 bytes,    2253576 total
[2024-08-17T02:03:17.873+0000][115][info ][gc,heap     ] GC(0) Eden regions: 6->0(5)
[2024-08-17T02:03:17.873+0000][115][info ][gc,heap     ] GC(0) Survivor regions: 0->1(1)
[2024-08-17T02:03:17.873+0000][115][info ][gc,heap     ] GC(0) Old regions: 1->1
[2024-08-17T02:03:17.873+0000][115][info ][gc,heap     ] GC(0) Humongous regions: 0->0
[2024-08-17T02:03:17.873+0000][115][info ][gc,metaspace] GC(0) Metaspace: 1070K(1280K)->1070K(1280K) NonClass: 987K(1088K)->987K(1088K) Class: 82K(192K)->82K(192K)
[2024-08-17T02:03:17.873+0000][115][info ][gc          ] GC(0) Pause Young (Normal) (G1 Evacuation Pause) 24M->3M(512M) 6.355ms
[2024-08-17T02:03:17.873+0000][115][info ][gc,cpu      ] GC(0) User=0.01s Sys=0.00s Real=0.01s
[2024-08-17T02:03:17.873+0000][115][info ][safepoint   ] Safepoint "G1CollectForAllocation", Time since last: 311268449 ns, Reaching safepoint: 2994 ns, Cleanup: 54159 ns, At safepoint: 6435783 ns, Total: 6492936 ns
[2024-08-17T02:03:18.302+0000][115][info ][gc,start    ] GC(1) Pause Young (Normal) (G1 Evacuation Pause)
[2024-08-17T02:03:18.302+0000][115][info ][gc,task     ] GC(1) Using 2 workers of 2 for evacuation
[2024-08-17T02:03:18.302+0000][115][debug][gc,age      ] GC(1) Desired survivor size 2097152 bytes, new threshold 1 (max threshold 15)
[2024-08-17T02:03:18.305+0000][115][info ][gc,phases   ] GC(1)   Pre Evacuate Collection Set: 0.0ms
[2024-08-17T02:03:18.305+0000][115][info ][gc,phases   ] GC(1)   Merge Heap Roots: 0.0ms
[2024-08-17T02:03:18.305+0000][115][info ][gc,phases   ] GC(1)   Evacuate Collection Set: 2.6ms
[2024-08-17T02:03:18.305+0000][115][info ][gc,phases   ] GC(1)   Post Evacuate Collection Set: 0.2ms
[2024-08-17T02:03:18.305+0000][115][info ][gc,phases   ] GC(1)   Other: 0.1ms
[2024-08-17T02:03:18.305+0000][115][trace][gc,age      ] GC(1) Age table with threshold 1 (max threshold 15)
[2024-08-17T02:03:18.305+0000][115][trace][gc,age      ] GC(1) - age   1:    1844232 bytes,    1844232 total
[2024-08-17T02:03:18.305+0000][115][info ][gc,heap     ] GC(1) Eden regions: 5->0(7)
[2024-08-17T02:03:18.305+0000][115][info ][gc,heap     ] GC(1) Survivor regions: 1->1(1)
[2024-08-17T02:03:18.305+0000][115][info ][gc,heap     ] GC(1) Old regions: 1->2
[2024-08-17T02:03:18.305+0000][115][info ][gc,heap     ] GC(1) Humongous regions: 0->0
[2024-08-17T02:03:18.305+0000][115][info ][gc,metaspace] GC(1) Metaspace: 6671K(6912K)->6671K(6912K) NonClass: 5892K(6016K)->5892K(6016K) Class: 778K(896K)->778K(896K)
[2024-08-17T02:03:18.305+0000][115][info ][gc          ] GC(1) Pause Young (Normal) (G1 Evacuation Pause) 23M->5M(512M) 3.469ms
[2024-08-17T02:03:18.305+0000][115][info ][gc,cpu      ] GC(1) User=0.01s Sys=0.00s Real=0.00s
[2024-08-17T02:03:18.305+0000][115][info ][safepoint   ] Safepoint "G1CollectForAllocation", Time since last: 429024278 ns, Reaching safepoint: 2445 ns, Cleanup: 96994 ns, At safepoint: 3547372 ns, Total: 3646811 ns
[2024-08-17T02:03:18.768+0000][115][info ][safepoint   ] Safepoint "ICBufferFull", Time since last: 462759203 ns, Reaching safepoint: 2751 ns, Cleanup: 81240 ns, At safepoint: 1811 ns, Total: 85802 ns
[2024-08-17T02:03:19.161+0000][115][info ][gc,start    ] GC(2) Pause Young (Normal) (G1 Evacuation Pause)
[2024-08-17T02:03:19.161+0000][115][info ][gc,task     ] GC(2) Using 2 workers of 2 for evacuation
[2024-08-17T02:03:19.161+0000][115][debug][gc,age      ] GC(2) Desired survivor size 2097152 bytes, new threshold 15 (max threshold 15)
[2024-08-17T02:03:19.176+0000][115][info ][gc,phases   ] GC(2)   Pre Evacuate Collection Set: 0.0ms
[2024-08-17T02:03:19.176+0000][115][info ][gc,phases   ] GC(2)   Merge Heap Roots: 0.4ms
[2024-08-17T02:03:19.176+0000][115][info ][gc,phases   ] GC(2)   Evacuate Collection Set: 14.0ms
[2024-08-17T02:03:19.176+0000][115][info ][gc,phases   ] GC(2)   Post Evacuate Collection Set: 0.8ms
[2024-08-17T02:03:19.176+0000][115][info ][gc,phases   ] GC(2)   Other: 0.1ms
[2024-08-17T02:03:19.176+0000][115][trace][gc,age      ] GC(2) Age table with threshold 15 (max threshold 15)
[2024-08-17T02:03:19.176+0000][115][trace][gc,age      ] GC(2) - age   1:    2316704 bytes,    2316704 total
[2024-08-17T02:03:19.176+0000][115][trace][gc,age      ] GC(2) - age   2:    1795832 bytes,    4112536 total
[2024-08-17T02:03:19.176+0000][115][info ][gc,heap     ] GC(2) Eden regions: 7->0(7)
[2024-08-17T02:03:19.176+0000][115][info ][gc,heap     ] GC(2) Survivor regions: 1->1(1)
[2024-08-17T02:03:19.176+0000][115][info ][gc,heap     ] GC(2) Old regions: 2->2
[2024-08-17T02:03:19.176+0000][115][info ][gc,heap     ] GC(2) Humongous regions: 0->0
[2024-08-17T02:03:19.176+0000][115][info ][gc,metaspace] GC(2) Metaspace: 11738K(12096K)->11738K(12096K) NonClass: 10341K(10560K)->10341K(10560K) Class: 1397K(1536K)->1397K(1536K)
[2024-08-17T02:03:19.176+0000][115][info ][gc          ] GC(2) Pause Young (Normal) (G1 Evacuation Pause) 33M->7M(512M) 15.891ms
[2024-08-17T02:03:19.177+0000][115][info ][gc,cpu      ] GC(2) User=0.03s Sys=0.00s Real=0.02s
[2024-08-17T02:03:19.177+0000][115][info ][safepoint   ] Safepoint "G1CollectForAllocation", Time since last: 391022322 ns, Reaching safepoint: 2567 ns, Cleanup: 1227345 ns, At safepoint: 16060872 ns, Total: 17290784 ns
[2024-08-17T02:03:19.699+0000][115][info ][safepoint   ] Safepoint "ICBufferFull", Time since last: 522304439 ns, Reaching safepoint: 2846 ns, Cleanup: 85270 ns, At safepoint: 1949 ns, Total: 90065 ns
[2024-08-17T02:03:19.841+0000][115][info ][gc,start    ] GC(3) Pause Young (Normal) (G1 Evacuation Pause)
[2024-08-17T02:03:19.841+0000][115][info ][gc,task     ] GC(3) Using 2 workers of 2 for evacuation
[2024-08-17T02:03:19.841+0000][115][debug][gc,age      ] GC(3) Desired survivor size 2097152 bytes, new threshold 1 (max threshold 15)
[2024-08-17T02:03:19.849+0000][115][info ][gc,phases   ] GC(3)   Pre Evacuate Collection Set: 0.7ms
[2024-08-17T02:03:19.849+0000][115][info ][gc,phases   ] GC(3)   Merge Heap Roots: 0.0ms
[2024-08-17T02:03:19.849+0000][115][info ][gc,phases   ] GC(3)   Evacuate Collection Set: 6.5ms
[2024-08-17T02:03:19.849+0000][115][info ][gc,phases   ] GC(3)   Post Evacuate Collection Set: 0.7ms
[2024-08-17T02:03:19.849+0000][115][info ][gc,phases   ] GC(3)   Other: 0.1ms
[2024-08-17T02:03:19.849+0000][115][trace][gc,age      ] GC(3) Age table with threshold 1 (max threshold 15)
[2024-08-17T02:03:19.849+0000][115][trace][gc,age      ] GC(3) - age   1:    2185216 bytes,    2185216 total
[2024-08-17T02:03:19.849+0000][115][info ][gc,heap     ] GC(3) Eden regions: 7->0(12)
[2024-08-17T02:03:19.849+0000][115][info ][gc,heap     ] GC(3) Survivor regions: 1->1(1)
[2024-08-17T02:03:19.849+0000][115][info ][gc,heap     ] GC(3) Old regions: 2->3
[2024-08-17T02:03:19.849+0000][115][info ][gc,heap     ] GC(3) Humongous regions: 0->0
[2024-08-17T02:03:19.849+0000][115][info ][gc,metaspace] GC(3) Metaspace: 17971K(18432K)->17971K(18432K) NonClass: 16003K(16256K)->16003K(16256K) Class: 1968K(2176K)->1968K(2176K)
[2024-08-17T02:03:19.849+0000][115][info ][gc          ] GC(3) Pause Young (Normal) (G1 Evacuation Pause) 35M->9M(512M) 8.244ms
[2024-08-17T02:03:19.849+0000][115][info ][gc,cpu      ] GC(3) User=0.01s Sys=0.00s Real=0.01s
[2024-08-17T02:03:19.849+0000][115][info ][safepoint   ] Safepoint "G1CollectForAllocation", Time since last: 141872555 ns, Reaching safepoint: 2850 ns, Cleanup: 32184 ns, At safepoint: 8273007 ns, Total: 8308041 ns
[2024-08-17T02:03:20.218+0000][115][info ][gc,start    ] GC(4) Pause Young (Normal) (G1 Evacuation Pause)
[2024-08-17T02:03:20.218+0000][115][info ][gc,task     ] GC(4) Using 2 workers of 2 for evacuation
[2024-08-17T02:03:20.219+0000][115][debug][gc,age      ] GC(4) Desired survivor size 4194304 bytes, new threshold 15 (max threshold 15)
[2024-08-17T02:03:20.224+0000][115][info ][gc,phases   ] GC(4)   Pre Evacuate Collection Set: 0.0ms
[2024-08-17T02:03:20.224+0000][115][info ][gc,phases   ] GC(4)   Merge Heap Roots: 0.0ms
[2024-08-17T02:03:20.224+0000][115][info ][gc,phases   ] GC(4)   Evacuate Collection Set: 5.3ms
[2024-08-17T02:03:20.224+0000][115][info ][gc,phases   ] GC(4)   Post Evacuate Collection Set: 0.3ms
[2024-08-17T02:03:20.224+0000][115][info ][gc,phases   ] GC(4)   Other: 0.1ms
[2024-08-17T02:03:20.224+0000][115][trace][gc,age      ] GC(4) Age table with threshold 15 (max threshold 15)
[2024-08-17T02:03:20.224+0000][115][trace][gc,age      ] GC(4) - age   1:     933880 bytes,     933880 total
[2024-08-17T02:03:20.224+0000][115][trace][gc,age      ] GC(4) - age   2:    1293072 bytes,    2226952 total
[2024-08-17T02:03:20.224+0000][115][info ][gc,heap     ] GC(4) Eden regions: 12->0(75)
[2024-08-17T02:03:20.225+0000][115][info ][gc,heap     ] GC(4) Survivor regions: 1->1(2)
[2024-08-17T02:03:20.225+0000][115][info ][gc,heap     ] GC(4) Old regions: 3->3
[2024-08-17T02:03:20.225+0000][115][info ][gc,heap     ] GC(4) Humongous regions: 0->0
[2024-08-17T02:03:20.225+0000][115][info ][gc,metaspace] GC(4) Metaspace: 18716K(19200K)->18716K(19200K) NonClass: 16703K(16960K)->16703K(16960K) Class: 2013K(2240K)->2013K(2240K)
[2024-08-17T02:03:20.225+0000][115][info ][gc          ] GC(4) Pause Young (Normal) (G1 Evacuation Pause) 57M->9M(512M) 6.296ms
[2024-08-17T02:03:20.225+0000][115][info ][gc,cpu      ] GC(4) User=0.01s Sys=0.00s Real=0.01s
[2024-08-17T02:03:20.225+0000][115][info ][safepoint   ] Safepoint "G1CollectForAllocation", Time since last: 369075742 ns, Reaching safepoint: 2906 ns, Cleanup: 59195 ns, At safepoint: 6380452 ns, Total: 6442553 ns
[2024-08-17T02:03:20.701+0000][115][info ][safepoint   ] Safepoint "ICBufferFull", Time since last: 476074407 ns, Reaching safepoint: 3155 ns, Cleanup: 109433 ns, At safepoint: 2184 ns, Total: 114772 ns
[2024-08-17T02:03:20.913+0000][115][info ][gc,start    ] GC(5) Pause Young (Concurrent Start) (Metadata GC Threshold)
[2024-08-17T02:03:20.913+0000][115][info ][gc,task     ] GC(5) Using 2 workers of 2 for evacuation
[2024-08-17T02:03:20.913+0000][115][debug][gc,age      ] GC(5) Desired survivor size 20971520 bytes, new threshold 15 (max threshold 15)
[2024-08-17T02:03:20.918+0000][115][info ][gc,phases   ] GC(5)   Pre Evacuate Collection Set: 0.1ms
[2024-08-17T02:03:20.918+0000][115][info ][gc,phases   ] GC(5)   Merge Heap Roots: 0.0ms
[2024-08-17T02:03:20.918+0000][115][info ][gc,phases   ] GC(5)   Evacuate Collection Set: 4.9ms
[2024-08-17T02:03:20.918+0000][115][info ][gc,phases   ] GC(5)   Post Evacuate Collection Set: 0.3ms
[2024-08-17T02:03:20.918+0000][115][info ][gc,phases   ] GC(5)   Other: 0.1ms
[2024-08-17T02:03:20.918+0000][115][trace][gc,age      ] GC(5) Age table with threshold 15 (max threshold 15)
[2024-08-17T02:03:20.919+0000][115][trace][gc,age      ] GC(5) - age   1:    2655912 bytes,    2655912 total
[2024-08-17T02:03:20.919+0000][115][trace][gc,age      ] GC(5) - age   2:     926480 bytes,    3582392 total
[2024-08-17T02:03:20.919+0000][115][trace][gc,age      ] GC(5) - age   3:    1290704 bytes,    4873096 total
[2024-08-17T02:03:20.919+0000][115][info ][gc,heap     ] GC(5) Eden regions: 35->0(74)
[2024-08-17T02:03:20.919+0000][115][info ][gc,heap     ] GC(5) Survivor regions: 1->2(10)
[2024-08-17T02:03:20.919+0000][115][info ][gc,heap     ] GC(5) Old regions: 3->3
[2024-08-17T02:03:20.919+0000][115][info ][gc,heap     ] GC(5) Humongous regions: 0->0
[2024-08-17T02:03:20.919+0000][115][info ][gc,metaspace] GC(5) Metaspace: 21016K(21504K)->21016K(21504K) NonClass: 18754K(19008K)->18754K(19008K) Class: 2261K(2496K)->2261K(2496K)
[2024-08-17T02:03:20.919+0000][115][info ][gc          ] GC(5) Pause Young (Concurrent Start) (Metadata GC Threshold) 148M->12M(512M) 5.932ms
[2024-08-17T02:03:20.919+0000][115][info ][gc,cpu      ] GC(5) User=0.01s Sys=0.01s Real=0.00s
[2024-08-17T02:03:20.919+0000][115][info ][safepoint   ] Safepoint "CollectForMetadataAllocation", Time since last: 211862066 ns, Reaching safepoint: 2617 ns, Cleanup: 37279 ns, At safepoint: 6060336 ns, Total: 6100232 ns
[2024-08-17T02:03:20.919+0000][115][info ][gc          ] GC(6) Concurrent Mark Cycle
[2024-08-17T02:03:20.919+0000][115][info ][gc,marking  ] GC(6) Concurrent Scan Root Regions
[2024-08-17T02:03:20.921+0000][115][info ][gc,marking  ] GC(6) Concurrent Scan Root Regions 1.856ms
[2024-08-17T02:03:20.921+0000][115][info ][gc,marking  ] GC(6) Concurrent Mark
[2024-08-17T02:03:20.921+0000][115][info ][gc,marking  ] GC(6) Concurrent Mark From Roots
[2024-08-17T02:03:20.921+0000][115][info ][gc,task     ] GC(6) Using 1 workers of 1 for marking
[2024-08-17T02:03:20.928+0000][115][info ][gc,marking  ] GC(6) Concurrent Mark From Roots 6.617ms
[2024-08-17T02:03:20.928+0000][115][info ][gc,marking  ] GC(6) Concurrent Preclean
[2024-08-17T02:03:20.928+0000][115][info ][gc,marking  ] GC(6) Concurrent Preclean 0.050ms
[2024-08-17T02:03:20.931+0000][115][info ][gc,start    ] GC(6) Pause Remark
[2024-08-17T02:03:20.937+0000][115][info ][gc          ] GC(6) Pause Remark 14M->14M(512M) 6.465ms
[2024-08-17T02:03:20.937+0000][115][info ][gc,cpu      ] GC(6) User=0.01s Sys=0.00s Real=0.01s
[2024-08-17T02:03:20.937+0000][115][info ][safepoint   ] Safepoint "G1PauseRemark", Time since last: 11598998 ns, Reaching safepoint: 264437 ns, Cleanup: 1956 ns, At safepoint: 6589198 ns, Total: 6855591 ns
[2024-08-17T02:03:20.937+0000][115][info ][gc,marking  ] GC(6) Concurrent Mark 16.492ms
[2024-08-17T02:03:20.938+0000][115][info ][gc,marking  ] GC(6) Concurrent Rebuild Remembered Sets and Scrub Regions
[2024-08-17T02:03:20.941+0000][115][info ][gc,marking  ] GC(6) Concurrent Rebuild Remembered Sets and Scrub Regions 3.299ms
[2024-08-17T02:03:20.941+0000][115][info ][gc,start    ] GC(6) Pause Cleanup
[2024-08-17T02:03:20.941+0000][115][info ][gc          ] GC(6) Pause Cleanup 14M->14M(512M) 0.069ms
[2024-08-17T02:03:20.941+0000][115][info ][gc,cpu      ] GC(6) User=0.00s Sys=0.00s Real=0.00s
[2024-08-17T02:03:20.941+0000][115][info ][safepoint   ] Safepoint "G1PauseCleanup", Time since last: 3688742 ns, Reaching safepoint: 84156 ns, Cleanup: 2403 ns, At safepoint: 136688 ns, Total: 223247 ns
[2024-08-17T02:03:20.941+0000][115][info ][gc,marking  ] GC(6) Concurrent Clear Claimed Marks
[2024-08-17T02:03:20.941+0000][115][info ][gc,marking  ] GC(6) Concurrent Clear Claimed Marks 0.044ms
[2024-08-17T02:03:20.941+0000][115][info ][gc,marking  ] GC(6) Concurrent Cleanup for Next Mark
[2024-08-17T02:03:20.946+0000][115][info ][gc,marking  ] GC(6) Concurrent Cleanup for Next Mark 5.087ms
[2024-08-17T02:03:20.947+0000][115][info ][gc          ] GC(6) Concurrent Mark Cycle 27.692ms
[2024-08-17T02:03:21.703+0000][115][info ][safepoint   ] Safepoint "ICBufferFull", Time since last: 761682157 ns, Reaching safepoint: 2663 ns, Cleanup: 99539 ns, At safepoint: 1307 ns, Total: 103509 ns
[2024-08-17T02:03:22.240+0000][115][info ][safepoint   ] Safepoint "ICBufferFull", Time since last: 537039123 ns, Reaching safepoint: 3181 ns, Cleanup: 95979 ns, At safepoint: 1627 ns, Total: 100787 ns
[2024-08-17T02:03:22.443+0000][115][info ][gc,start    ] GC(7) Pause Young (Prepare Mixed) (G1 Evacuation Pause)
[2024-08-17T02:03:22.444+0000][115][info ][gc,task     ] GC(7) Using 2 workers of 2 for evacuation
[2024-08-17T02:03:22.444+0000][115][debug][gc,age      ] GC(7) Desired survivor size 20971520 bytes, new threshold 15 (max threshold 15)
[2024-08-17T02:03:22.461+0000][115][info ][gc,phases   ] GC(7)   Pre Evacuate Collection Set: 0.1ms
[2024-08-17T02:03:22.461+0000][115][info ][gc,phases   ] GC(7)   Merge Heap Roots: 0.0ms
[2024-08-17T02:03:22.461+0000][115][info ][gc,phases   ] GC(7)   Evacuate Collection Set: 16.5ms
[2024-08-17T02:03:22.461+0000][115][info ][gc,phases   ] GC(7)   Post Evacuate Collection Set: 0.5ms
[2024-08-17T02:03:22.461+0000][115][info ][gc,phases   ] GC(7)   Other: 0.1ms
[2024-08-17T02:03:22.462+0000][115][trace][gc,age      ] GC(7) Age table with threshold 15 (max threshold 15)
[2024-08-17T02:03:22.462+0000][115][trace][gc,age      ] GC(7) - age   1:    7932696 bytes,    7932696 total
[2024-08-17T02:03:22.462+0000][115][trace][gc,age      ] GC(7) - age   2:    2628640 bytes,   10561336 total
[2024-08-17T02:03:22.462+0000][115][trace][gc,age      ] GC(7) - age   3:     926096 bytes,   11487432 total
[2024-08-17T02:03:22.462+0000][115][trace][gc,age      ] GC(7) - age   4:    1285328 bytes,   12772760 total
[2024-08-17T02:03:22.462+0000][115][info ][gc,heap     ] GC(7) Eden regions: 74->0(72)
[2024-08-17T02:03:22.462+0000][115][info ][gc,heap     ] GC(7) Survivor regions: 2->4(10)
[2024-08-17T02:03:22.462+0000][115][info ][gc,heap     ] GC(7) Old regions: 3->3
[2024-08-17T02:03:22.462+0000][115][info ][gc,heap     ] GC(7) Humongous regions: 0->0
[2024-08-17T02:03:22.462+0000][115][info ][gc,metaspace] GC(7) Metaspace: 27736K(28416K)->27736K(28416K) NonClass: 24614K(24960K)->24614K(24960K) Class: 3121K(3456K)->3121K(3456K)
[2024-08-17T02:03:22.462+0000][115][info ][gc          ] GC(7) Pause Young (Prepare Mixed) (G1 Evacuation Pause) 308M->20M(512M) 18.370ms
[2024-08-17T02:03:22.462+0000][115][info ][gc,cpu      ] GC(7) User=0.03s Sys=0.00s Real=0.02s
[2024-08-17T02:03:22.462+0000][115][info ][safepoint   ] Safepoint "G1CollectForAllocation", Time since last: 203247156 ns, Reaching safepoint: 3194 ns, Cleanup: 38131 ns, At safepoint: 18475120 ns, Total: 18516445 ns
[2024-08-17T02:03:23.106+0000][115][info ][gc,start    ] GC(8) Pause Young (Mixed) (G1 Evacuation Pause)
[2024-08-17T02:03:23.107+0000][115][info ][gc,task     ] GC(8) Using 2 workers of 2 for evacuation
[2024-08-17T02:03:23.107+0000][115][debug][gc,age      ] GC(8) Desired survivor size 20971520 bytes, new threshold 15 (max threshold 15)
[2024-08-17T02:03:23.125+0000][115][info ][gc,phases   ] GC(8)   Pre Evacuate Collection Set: 0.1ms
[2024-08-17T02:03:23.125+0000][115][info ][gc,phases   ] GC(8)   Merge Heap Roots: 0.1ms
[2024-08-17T02:03:23.125+0000][115][info ][gc,phases   ] GC(8)   Evacuate Collection Set: 17.4ms
[2024-08-17T02:03:23.125+0000][115][info ][gc,phases   ] GC(8)   Post Evacuate Collection Set: 0.6ms
[2024-08-17T02:03:23.125+0000][115][info ][gc,phases   ] GC(8)   Other: 0.1ms
[2024-08-17T02:03:23.125+0000][115][trace][gc,age      ] GC(8) Age table with threshold 15 (max threshold 15)
[2024-08-17T02:03:23.125+0000][115][trace][gc,age      ] GC(8) - age   1:    3618272 bytes,    3618272 total
[2024-08-17T02:03:23.125+0000][115][trace][gc,age      ] GC(8) - age   2:    6957608 bytes,   10575880 total
[2024-08-17T02:03:23.125+0000][115][trace][gc,age      ] GC(8) - age   3:    2628352 bytes,   13204232 total
[2024-08-17T02:03:23.125+0000][115][trace][gc,age      ] GC(8) - age   4:     926096 bytes,   14130328 total
[2024-08-17T02:03:23.125+0000][115][trace][gc,age      ] GC(8) - age   5:    1285328 bytes,   15415656 total
[2024-08-17T02:03:23.125+0000][115][info ][gc,heap     ] GC(8) Eden regions: 72->0(68)
[2024-08-17T02:03:23.125+0000][115][info ][gc,heap     ] GC(8) Survivor regions: 4->4(10)
[2024-08-17T02:03:23.125+0000][115][info ][gc,heap     ] GC(8) Old regions: 3->2
[2024-08-17T02:03:23.125+0000][115][info ][gc,heap     ] GC(8) Humongous regions: 0->0
[2024-08-17T02:03:23.125+0000][115][info ][gc,metaspace] GC(8) Metaspace: 28352K(29056K)->28352K(29056K) NonClass: 25150K(25536K)->25150K(25536K) Class: 3202K(3520K)->3202K(3520K)
[2024-08-17T02:03:23.125+0000][115][info ][gc          ] GC(8) Pause Young (Mixed) (G1 Evacuation Pause) 308M->23M(512M) 18.631ms
[2024-08-17T02:03:23.125+0000][115][info ][gc,cpu      ] GC(8) User=0.02s Sys=0.00s Real=0.02s
[2024-08-17T02:03:23.125+0000][115][info ][safepoint   ] Safepoint "G1CollectForAllocation", Time since last: 644344479 ns, Reaching safepoint: 3203 ns, Cleanup: 171682 ns, At safepoint: 18669866 ns, Total: 18844751 ns
